17:42:11 **** Incremental Build of configuration Debug for project MainController ****
make -j8 all 
arm-none-eabi-gcc "../Core/Src/main.c" -mcpu=cortex-m4 -std=gnu11 -g3 -DDEBUG -DUSE_HAL_DRIVER -DSTM32G474xx -c -I../Core/Inc -I../Drivers/STM32G4xx_HAL_Driver/Inc -I../Drivers/STM32G4xx_HAL_Driver/Inc/Legacy -I../Drivers/CMSIS/Device/ST/STM32G4xx/Include -I../Drivers/CMSIS/Include -I../Middlewares/Third_Party/ARM_CMSIS/CMSIS/Core/Include/ -I../Middlewares/Third_Party/ARM_CMSIS/PrivateInclude/ -I../Middlewares/Third_Party/ARM_CMSIS/Include/ -I../Middlewares/Third_Party/ARM_CMSIS/Include -I"C:/Users/ppreawsr/OneDrive/Documents/GitHub/PP_ALL_V3/PP-ALL-main/PP-ALL-main/Main-Controller-master/MainController/Source/BasicMathFunctions" -I"C:/Users/ppreawsr/OneDrive/Documents/GitHub/PP_ALL_V3/PP-ALL-main/PP-ALL-main/Main-Controller-master/MainController/Source/BayesFunctions" -I"C:/Users/ppreawsr/OneDrive/Documents/GitHub/PP_ALL_V3/PP-ALL-main/PP-ALL-main/Main-Controller-master/MainController/Source/CommonTables" -I"C:/Users/ppreawsr/OneDrive/Documents/GitHub/PP_ALL_V3/PP-ALL-main/PP-ALL-main/Main-Controller-master/MainController/Source/ComplexMathFunctions" -I"C:/Users/ppreawsr/OneDrive/Documents/GitHub/PP_ALL_V3/PP-ALL-main/PP-ALL-main/Main-Controller-master/MainController/Source/ControllerFunctions" -I"C:/Users/ppreawsr/OneDrive/Documents/GitHub/PP_ALL_V3/PP-ALL-main/PP-ALL-main/Main-Controller-master/MainController/Source/DistanceFunctions" -I"C:/Users/ppreawsr/OneDrive/Documents/GitHub/PP_ALL_V3/PP-ALL-main/PP-ALL-main/Main-Controller-master/MainController/Source/FastMathFunctions" -I"C:/Users/ppreawsr/OneDrive/Documents/GitHub/PP_ALL_V3/PP-ALL-main/PP-ALL-main/Main-Controller-master/MainController/Source/FilteringFunctions" -I"C:/Users/ppreawsr/OneDrive/Documents/GitHub/PP_ALL_V3/PP-ALL-main/PP-ALL-main/Main-Controller-master/MainController/Source/InterpolationFunctions" -I"C:/Users/ppreawsr/OneDrive/Documents/GitHub/PP_ALL_V3/PP-ALL-main/PP-ALL-main/Main-Controller-master/MainController/Source/MatrixFunctions" -I"C:/Users/ppreawsr/OneDrive/Documents/GitHub/PP_ALL_V3/PP-ALL-main/PP-ALL-main/Main-Controller-master/MainController/Source/QuaternionMathFunctions" -I"C:/Users/ppreawsr/OneDrive/Documents/GitHub/PP_ALL_V3/PP-ALL-main/PP-ALL-main/Main-Controller-master/MainController/Source/StatisticsFunctions" -I"C:/Users/ppreawsr/OneDrive/Documents/GitHub/PP_ALL_V3/PP-ALL-main/PP-ALL-main/Main-Controller-master/MainController/Source/SupportFunctions" -I"C:/Users/ppreawsr/OneDrive/Documents/GitHub/PP_ALL_V3/PP-ALL-main/PP-ALL-main/Main-Controller-master/MainController/Source/SVMFunctions" -I"C:/Users/ppreawsr/OneDrive/Documents/GitHub/PP_ALL_V3/PP-ALL-main/PP-ALL-main/Main-Controller-master/MainController/Source/TransformFunctions" -I"C:/Users/ppreawsr/OneDrive/Documents/GitHub/PP_ALL_V3/PP-ALL-main/PP-ALL-main/Main-Controller-master/MainController/Source/WindowFunctions" -I"C:/Users/ppreawsr/OneDrive/Documents/GitHub/PP_ALL_V3/PP-ALL-main/PP-ALL-main/Main-Controller-master/MainController/Source" -O0 -ffunction-sections -fdata-sections -Wall -fstack-usage -fcyclomatic-complexity -MMD -MP -MF"Core/Src/main.d" -MT"Core/Src/main.o" --specs=nano.specs -mfpu=fpv4-sp-d16 -mfloat-abi=hard -mthumb -o "Core/Src/main.o"
../Core/Src/main.c: In function 'main':
../Core/Src/main.c:305:11: warning: unused variable 'result' [-Wunused-variable]
  305 |   uint8_t result = HomeZ();
      |           ^~~~~~
../Core/Src/main.c: In function 'BaseAction':
../Core/Src/main.c:1317:27: warning: variable 'timestamp' set but not used [-Wunused-but-set-variable]
 1317 |           static uint16_t timestamp = 0;
      |                           ^~~~~~~~~
arm-none-eabi-gcc -o "MainController.elf" @"objects.list"   -mcpu=cortex-m4 -T"C:\Users\ppreawsr\OneDrive\Documents\GitHub\PP_ALL_V3\PP-ALL-main\PP-ALL-main\Main-Controller-master\MainController\STM32G474RETX_FLASH.ld" --specs=nosys.specs -Wl,-Map="MainController.map" -Wl,--gc-sections -static --specs=nano.specs -mfpu=fpv4-sp-d16 -mfloat-abi=hard -mthumb -Wl,--start-group -lc -lm -Wl,--end-group
C:/ST/STM32CubeIDE_1.13.2/STM32CubeIDE/plugins/com.st.stm32cube.ide.mcu.externaltools.gnu-tools-for-stm32.12.3.rel1.win32_1.0.100.202403111256/tools/bin/../lib/gcc/arm-none-eabi/12.3.1/../../../../arm-none-eabi/bin/ld.exe: warning: MainController.elf has a LOAD segment with RWX permissions
Finished building target: MainController.elf
 
arm-none-eabi-size  MainController.elf 
arm-none-eabi-objdump -h -S MainController.elf  > "MainController.list"
   text	   data	    bss	    dec	    hex	filename
  43620	    544	   5960	  50124	   c3cc	MainController.elf
Finished building: default.size.stdout
 
Finished building: MainController.list
 

17:42:13 Build Finished. 0 errors, 3 warnings. (took 1s.422ms)

