Archive member included to satisfy reference by file (symbol)

C:/ST/STM32CubeIDE_1.13.2/STM32CubeIDE/plugins/com.st.stm32cube.ide.mcu.externaltools.gnu-tools-for-stm32.12.3.rel1.win32_1.0.100.202403111256/tools/bin/../lib/gcc/arm-none-eabi/12.3.1/../../../../arm-none-eabi/lib/thumb/v7e-m+fp/hard\libc_nano.a(libc_a-exit.o)
                              C:/ST/STM32CubeIDE_1.13.2/STM32CubeIDE/plugins/com.st.stm32cube.ide.mcu.externaltools.gnu-tools-for-stm32.12.3.rel1.win32_1.0.100.202403111256/tools/bin/../lib/gcc/arm-none-eabi/12.3.1/../../../../arm-none-eabi/lib/thumb/v7e-m+fp/hard/crt0.o (exit)
C:/ST/STM32CubeIDE_1.13.2/STM32CubeIDE/plugins/com.st.stm32cube.ide.mcu.externaltools.gnu-tools-for-stm32.12.3.rel1.win32_1.0.100.202403111256/tools/bin/../lib/gcc/arm-none-eabi/12.3.1/../../../../arm-none-eabi/lib/thumb/v7e-m+fp/hard\libc_nano.a(libc_a-findfp.o)
                              C:/ST/STM32CubeIDE_1.13.2/STM32CubeIDE/plugins/com.st.stm32cube.ide.mcu.externaltools.gnu-tools-for-stm32.12.3.rel1.win32_1.0.100.202403111256/tools/bin/../lib/gcc/arm-none-eabi/12.3.1/../../../../arm-none-eabi/lib/thumb/v7e-m+fp/hard\libc_nano.a(libc_a-exit.o) (__stdio_exit_handler)
C:/ST/STM32CubeIDE_1.13.2/STM32CubeIDE/plugins/com.st.stm32cube.ide.mcu.externaltools.gnu-tools-for-stm32.12.3.rel1.win32_1.0.100.202403111256/tools/bin/../lib/gcc/arm-none-eabi/12.3.1/../../../../arm-none-eabi/lib/thumb/v7e-m+fp/hard\libc_nano.a(libc_a-fwalk.o)
                              C:/ST/STM32CubeIDE_1.13.2/STM32CubeIDE/plugins/com.st.stm32cube.ide.mcu.externaltools.gnu-tools-for-stm32.12.3.rel1.win32_1.0.100.202403111256/tools/bin/../lib/gcc/arm-none-eabi/12.3.1/../../../../arm-none-eabi/lib/thumb/v7e-m+fp/hard\libc_nano.a(libc_a-findfp.o) (_fwalk_sglue)
C:/ST/STM32CubeIDE_1.13.2/STM32CubeIDE/plugins/com.st.stm32cube.ide.mcu.externaltools.gnu-tools-for-stm32.12.3.rel1.win32_1.0.100.202403111256/tools/bin/../lib/gcc/arm-none-eabi/12.3.1/../../../../arm-none-eabi/lib/thumb/v7e-m+fp/hard\libc_nano.a(libc_a-stdio.o)
                              C:/ST/STM32CubeIDE_1.13.2/STM32CubeIDE/plugins/com.st.stm32cube.ide.mcu.externaltools.gnu-tools-for-stm32.12.3.rel1.win32_1.0.100.202403111256/tools/bin/../lib/gcc/arm-none-eabi/12.3.1/../../../../arm-none-eabi/lib/thumb/v7e-m+fp/hard\libc_nano.a(libc_a-findfp.o) (__sread)
C:/ST/STM32CubeIDE_1.13.2/STM32CubeIDE/plugins/com.st.stm32cube.ide.mcu.externaltools.gnu-tools-for-stm32.12.3.rel1.win32_1.0.100.202403111256/tools/bin/../lib/gcc/arm-none-eabi/12.3.1/../../../../arm-none-eabi/lib/thumb/v7e-m+fp/hard\libc_nano.a(libc_a-memset.o)
                              C:/ST/STM32CubeIDE_1.13.2/STM32CubeIDE/plugins/com.st.stm32cube.ide.mcu.externaltools.gnu-tools-for-stm32.12.3.rel1.win32_1.0.100.202403111256/tools/bin/../lib/gcc/arm-none-eabi/12.3.1/../../../../arm-none-eabi/lib/thumb/v7e-m+fp/hard/crt0.o (memset)
C:/ST/STM32CubeIDE_1.13.2/STM32CubeIDE/plugins/com.st.stm32cube.ide.mcu.externaltools.gnu-tools-for-stm32.12.3.rel1.win32_1.0.100.202403111256/tools/bin/../lib/gcc/arm-none-eabi/12.3.1/../../../../arm-none-eabi/lib/thumb/v7e-m+fp/hard\libc_nano.a(libc_a-closer.o)
                              C:/ST/STM32CubeIDE_1.13.2/STM32CubeIDE/plugins/com.st.stm32cube.ide.mcu.externaltools.gnu-tools-for-stm32.12.3.rel1.win32_1.0.100.202403111256/tools/bin/../lib/gcc/arm-none-eabi/12.3.1/../../../../arm-none-eabi/lib/thumb/v7e-m+fp/hard\libc_nano.a(libc_a-stdio.o) (_close_r)
C:/ST/STM32CubeIDE_1.13.2/STM32CubeIDE/plugins/com.st.stm32cube.ide.mcu.externaltools.gnu-tools-for-stm32.12.3.rel1.win32_1.0.100.202403111256/tools/bin/../lib/gcc/arm-none-eabi/12.3.1/../../../../arm-none-eabi/lib/thumb/v7e-m+fp/hard\libc_nano.a(libc_a-reent.o)
                              C:/ST/STM32CubeIDE_1.13.2/STM32CubeIDE/plugins/com.st.stm32cube.ide.mcu.externaltools.gnu-tools-for-stm32.12.3.rel1.win32_1.0.100.202403111256/tools/bin/../lib/gcc/arm-none-eabi/12.3.1/../../../../arm-none-eabi/lib/thumb/v7e-m+fp/hard\libc_nano.a(libc_a-closer.o) (errno)
C:/ST/STM32CubeIDE_1.13.2/STM32CubeIDE/plugins/com.st.stm32cube.ide.mcu.externaltools.gnu-tools-for-stm32.12.3.rel1.win32_1.0.100.202403111256/tools/bin/../lib/gcc/arm-none-eabi/12.3.1/../../../../arm-none-eabi/lib/thumb/v7e-m+fp/hard\libc_nano.a(libc_a-impure.o)
                              C:/ST/STM32CubeIDE_1.13.2/STM32CubeIDE/plugins/com.st.stm32cube.ide.mcu.externaltools.gnu-tools-for-stm32.12.3.rel1.win32_1.0.100.202403111256/tools/bin/../lib/gcc/arm-none-eabi/12.3.1/../../../../arm-none-eabi/lib/thumb/v7e-m+fp/hard\libc_nano.a(libc_a-reent.o) (_impure_ptr)
C:/ST/STM32CubeIDE_1.13.2/STM32CubeIDE/plugins/com.st.stm32cube.ide.mcu.externaltools.gnu-tools-for-stm32.12.3.rel1.win32_1.0.100.202403111256/tools/bin/../lib/gcc/arm-none-eabi/12.3.1/../../../../arm-none-eabi/lib/thumb/v7e-m+fp/hard\libc_nano.a(libc_a-lseekr.o)
[...]
Memory Configuration

Name             Origin             Length             Attributes
RAM              0x20000000         0x00020000         xrw
FLASH            0x08000000         0x00080000         xr
*default*        0x00000000         0xffffffff

Linker script and memory map

LOAD C:/ST/STM32CubeIDE_1.13.2/STM32CubeIDE/plugins/com.st.stm32cube.ide.mcu.externaltools.gnu-tools-for-stm32.12.3.rel1.win32_1.0.100.202403111256/tools/bin/../lib/gcc/arm-none-eabi/12.3.1/thumb/v7e-m+fp/hard/crti.o
LOAD C:/ST/STM32CubeIDE_1.13.2/STM32CubeIDE/plugins/com.st.stm32cube.ide.mcu.externaltools.gnu-tools-for-stm32.12.3.rel1.win32_1.0.100.202403111256/tools/bin/../lib/gcc/arm-none-eabi/12.3.1/thumb/v7e-m+fp/hard/crtbegin.o
LOAD C:/ST/STM32CubeIDE_1.13.2/STM32CubeIDE/plugins/com.st.stm32cube.ide.mcu.externaltools.gnu-tools-for-stm32.12.3.rel1.win32_1.0.100.202403111256/tools/bin/../lib/gcc/arm-none-eabi/12.3.1/../../../../arm-none-eabi/lib/thumb/v7e-m+fp/hard/crt0.o
LOAD ./Core/Src/ModBusRTU.o
LOAD ./Core/Src/main.o
LOAD ./Core/Src/stm32g4xx_hal_msp.o
LOAD ./Core/Src/stm32g4xx_it.o
LOAD ./Core/Src/subroutine.o
LOAD ./Core/Src/syscalls.o
LOAD ./Core/Src/sysmem.o
LOAD ./Core/Src/system_stm32g4xx.o
LOAD ./Core/Startup/startup_stm32g474retx.o
LOAD ./Drivers/STM32G4xx_HAL_Driver/Src/stm32g4xx_hal.o
LOAD ./Drivers/STM32G4xx_HAL_Driver/Src/stm32g4xx_hal_cortex.o
LOAD ./Drivers/STM32G4xx_HAL_Driver/Src/stm32g4xx_hal_dma.o
LOAD ./Drivers/STM32G4xx_HAL_Driver/Src/stm32g4xx_hal_dma_ex.o
LOAD ./Drivers/STM32G4xx_HAL_Driver/Src/stm32g4xx_hal_exti.o
LOAD ./Drivers/STM32G4xx_HAL_Driver/Src/stm32g4xx_hal_flash.o
LOAD ./Drivers/STM32G4xx_HAL_Driver/Src/stm32g4xx_hal_flash_ex.o
LOAD ./Drivers/STM32G4xx_HAL_Driver/Src/stm32g4xx_hal_flash_ramfunc.o
LOAD ./Drivers/STM32G4xx_HAL_Driver/Src/stm32g4xx_hal_gpio.o
LOAD ./Drivers/STM32G4xx_HAL_Driver/Src/stm32g4xx_hal_pwr.o
LOAD ./Drivers/STM32G4xx_HAL_Driver/Src/stm32g4xx_hal_pwr_ex.o
LOAD ./Drivers/STM32G4xx_HAL_Driver/Src/stm32g4xx_hal_rcc.o
LOAD ./Drivers/STM32G4xx_HAL_Driver/Src/stm32g4xx_hal_rcc_ex.o
LOAD ./Drivers/STM32G4xx_HAL_Driver/Src/stm32g4xx_hal_tim.o
LOAD ./Drivers/STM32G4xx_HAL_Driver/Src/stm32g4xx_hal_tim_ex.o
LOAD ./Drivers/STM32G4xx_HAL_Driver/Src/stm32g4xx_hal_uart.o
LOAD ./Drivers/STM32G4xx_HAL_Driver/Src/stm32g4xx_hal_uart_ex.o
LOAD ./Middlewares/Third_Party/ARM_CMSIS/Source/BasicMathFunctions/BasicMathFunctions.o
LOAD ./Middlewares/Third_Party/ARM_CMSIS/Source/BasicMathFunctions/BasicMathFunctionsF16.o
LOAD ./Middlewares/Third_Party/ARM_CMSIS/Source/BayesFunctions/BayesFunctions.o
LOAD ./Middlewares/Third_Party/ARM_CMSIS/Source/BayesFunctions/BayesFunctionsF16.o
LOAD ./Middlewares/Third_Party/ARM_CMSIS/Source/CommonTables/CommonTables.o
LOAD ./Middlewares/Third_Party/ARM_CMSIS/Source/CommonTables/CommonTablesF16.o
LOAD ./Middlewares/Third_Party/ARM_CMSIS/Source/ComplexMathFunctions/ComplexMathFunctions.o
LOAD ./Middlewares/Third_Party/ARM_CMSIS/Source/ComplexMathFunctions/ComplexMathFunctionsF16.o
LOAD ./Middlewares/Third_Party/ARM_CMSIS/Source/ControllerFunctions/ControllerFunctions.o
LOAD ./Middlewares/Third_Party/ARM_CMSIS/Source/DistanceFunctions/DistanceFunctions.o
LOAD ./Middlewares/Third_Party/ARM_CMSIS/Source/DistanceFunctions/DistanceFunctionsF16.o
LOAD ./Middlewares/Third_Party/ARM_CMSIS/Source/FastMathFunctions/FastMathFunctions.o
LOAD ./Middlewares/Third_Party/ARM_CMSIS/Source/FastMathFunctions/FastMathFunctionsF16.o
LOAD ./Middlewares/Third_Party/ARM_CMSIS/Source/FilteringFunctions/FilteringFunctions.o
LOAD ./Middlewares/Third_Party/ARM_CMSIS/Source/FilteringFunctions/FilteringFunctionsF16.o
LOAD ./Middlewares/Third_Party/ARM_CMSIS/Source/InterpolationFunctions/InterpolationFunctions.o
LOAD ./Middlewares/Third_Party/ARM_CMSIS/Source/InterpolationFunctions/InterpolationFunctionsF16.o
LOAD ./Middlewares/Third_Party/ARM_CMSIS/Source/MatrixFunctions/MatrixFunctions.o
LOAD ./Middlewares/Third_Party/ARM_CMSIS/Source/MatrixFunctions/MatrixFunctionsF16.o
LOAD ./Middlewares/Third_Party/ARM_CMSIS/Source/QuaternionMathFunctions/QuaternionMathFunctions.o
LOAD ./Middlewares/Third_Party/ARM_CMSIS/Source/SVMFunctions/SVMFunctions.o
LOAD ./Middlewares/Third_Party/ARM_CMSIS/Source/SVMFunctions/SVMFunctionsF16.o
LOAD ./Middlewares/Third_Party/ARM_CMSIS/Source/StatisticsFunctions/StatisticsFunctions.o
LOAD ./Middlewares/Third_Party/ARM_CMSIS/Source/StatisticsFunctions/StatisticsFunctionsF16.o
LOAD ./Middlewares/Third_Party/ARM_CMSIS/Source/SupportFunctions/SupportFunctions.o
LOAD ./Middlewares/Third_Party/ARM_CMSIS/Source/SupportFunctions/SupportFunctionsF16.o
LOAD ./Middlewares/Third_Party/ARM_CMSIS/Source/TransformFunctions/TransformFunctions.o
LOAD ./Middlewares/Third_Party/ARM_CMSIS/Source/TransformFunctions/TransformFunctionsF16.o
START GROUP
LOAD C:/ST/STM32CubeIDE_1.13.2/STM32CubeIDE/plugins/com.st.stm32cube.ide.mcu.externaltools.gnu-tools-for-stm32.12.3.rel1.win32_1.0.100.202403111256/tools/bin/../lib/gcc/arm-none-eabi/12.3.1/../../../../arm-none-eabi/lib/thumb/v7e-m+fp/hard\libc_nano.a
LOAD C:/ST/STM32CubeIDE_1.13.2/STM32CubeIDE/plugins/com.st.stm32cube.ide.mcu.externaltools.gnu-tools-for-stm32.12.3.rel1.win32_1.0.100.202403111256/tools/bin/../lib/gcc/arm-none-eabi/12.3.1/../../../../arm-none-eabi/lib/thumb/v7e-m+fp/hard\libm.a
END GROUP
START GROUP
LOAD C:/ST/STM32CubeIDE_1.13.2/STM32CubeIDE/plugins/com.st.stm32cube.ide.mcu.externaltools.gnu-tools-for-stm32.12.3.rel1.win32_1.0.100.202403111256/tools/bin/../lib/gcc/arm-none-eabi/12.3.1/thumb/v7e-m+fp/hard\libgcc.a
LOAD C:/ST/STM32CubeIDE_1.13.2/STM32CubeIDE/plugins/com.st.stm32cube.ide.mcu.externaltools.gnu-tools-for-stm32.12.3.rel1.win32_1.0.100.202403111256/tools/bin/../lib/gcc/arm-none-eabi/12.3.1/../../../../arm-none-eabi/lib/thumb/v7e-m+fp/hard\libc_nano.a
END GROUP
START GROUP
LOAD C:/ST/STM32CubeIDE_1.13.2/STM32CubeIDE/plugins/com.st.stm32cube.ide.mcu.externaltools.gnu-tools-for-stm32.12.3.rel1.win32_1.0.100.202403111256/tools/bin/../lib/gcc/arm-none-eabi/12.3.1/thumb/v7e-m+fp/hard\libgcc.a
LOAD C:/ST/STM32CubeIDE_1.13.2/STM32CubeIDE/plugins/com.st.stm32cube.ide.mcu.externaltools.gnu-tools-for-stm32.12.3.rel1.win32_1.0.100.202403111256/tools/bin/../lib/gcc/arm-none-eabi/12.3.1/../../../../arm-none-eabi/lib/thumb/v7e-m+fp/hard\libc_nano.a
LOAD C:/ST/STM32CubeIDE_1.13.2/STM32CubeIDE/plugins/com.st.stm32cube.ide.mcu.externaltools.gnu-tools-for-stm32.12.3.rel1.win32_1.0.100.202403111256/tools/bin/../lib/gcc/arm-none-eabi/12.3.1/../../../../arm-none-eabi/lib/thumb/v7e-m+fp/hard\libnosys.a
END GROUP
START GROUP
LOAD C:/ST/STM32CubeIDE_1.13.2/STM32CubeIDE/plugins/com.st.stm32cube.ide.mcu.externaltools.gnu-tools-for-stm32.12.3.rel1.win32_1.0.100.202403111256/tools/bin/../lib/gcc/arm-none-eabi/12.3.1/thumb/v7e-m+fp/hard\libgcc.a
LOAD C:/ST/STM32CubeIDE_1.13.2/STM32CubeIDE/plugins/com.st.stm32cube.ide.mcu.externaltools.gnu-tools-for-stm32.12.3.rel1.win32_1.0.100.202403111256/tools/bin/../lib/gcc/arm-none-eabi/12.3.1/../../../../arm-none-eabi/lib/thumb/v7e-m+fp/hard\libc_nano.a
LOAD C:/ST/STM32CubeIDE_1.13.2/STM32CubeIDE/plugins/com.st.stm32cube.ide.mcu.externaltools.gnu-tools-for-stm32.12.3.rel1.win32_1.0.100.202403111256/tools/bin/../lib/gcc/arm-none-eabi/12.3.1/../../../../arm-none-eabi/lib/thumb/v7e-m+fp/hard\libnosys.a
END GROUP
LOAD C:/ST/STM32CubeIDE_1.13.2/STM32CubeIDE/plugins/com.st.stm32cube.ide.mcu.externaltools.gnu-tools-for-stm32.12.3.rel1.win32_1.0.100.202403111256/tools/bin/../lib/gcc/arm-none-eabi/12.3.1/thumb/v7e-m+fp/hard/crtend.o
LOAD C:/ST/STM32CubeIDE_1.13.2/STM32CubeIDE/plugins/com.st.stm32cube.ide.mcu.externaltools.gnu-tools-for-stm32.12.3.rel1.win32_1.0.100.202403111256/tools/bin/../lib/gcc/arm-none-eabi/12.3.1/thumb/v7e-m+fp/hard/crtn.o
                0x20020000                        _estack = (ORIGIN (RAM) + LENGTH (RAM))
                0x00000200                        _Min_Heap_Size = 0x200
                0x00000400                        _Min_Stack_Size = 0x400

.isr_vector     0x08000000      0x1d8
                0x08000000                        . = ALIGN (0x4)
 *(.isr_vector)
 .isr_vector    0x08000000      0x1d8 ./Core/Startup/startup_stm32g474retx.o
                0x08000000                g_pfnVectors
                0x080001d8                        . = ALIGN (0x4)

.text           0x080001d8     0xa614
                0x080001d8                        . = ALIGN (0x4)
 *(.text)
 .text          0x080001d8       0x40 C:/ST/STM32CubeIDE_1.13.2/STM32CubeIDE/plugins/com.st.stm32cube.ide.mcu.externaltools.gnu-tools-for-stm32.12.3.rel1.win32_1.0.100.202403111256/tools/bin/../lib/gcc/arm-none-eabi/12.3.1/thumb/v7e-m+fp/hard/crtbegin.o
 .text          0x08000218      0x378 C:/ST/STM32CubeIDE_1.13.2/STM32CubeIDE/plugins/com.st.stm32cube.ide.mcu.externaltools.gnu-tools-for-stm32.12.3.rel1.win32_1.0.100.202403111256/tools/bin/../lib/gcc/arm-none-eabi/12.3.1/thumb/v7e-m+fp/hard\libgcc.a(_arm_addsubdf3.o)
                0x08000218                __aeabi_drsub
                0x08000220                __aeabi_dsub
                0x08000220                __subdf3
                0x08000224                __aeabi_dadd
                0x08000224                __adddf3
                0x0800049c                __floatunsidf
                0x0800049c                __aeabi_ui2d
                0x080004bc                __floatsidf
                0x080004bc                __aeabi_i2d
                0x080004e0                __aeabi_f2d
                0x080004e0                __extendsfdf2
                0x08000524                __floatundidf
                0x08000524                __aeabi_ul2d
                0x08000534                __floatdidf
                0x08000534                __aeabi_l2d
 .text          0x08000590      0x424 C:/ST/STM32CubeIDE_1.13.2/STM32CubeIDE/plugins/com.st.stm32cube.ide.mcu.externaltools.gnu-tools-for-stm32.12.3.rel1.win32_1.0.100.202403111256/tools/bin/../lib/gcc/arm-none-eabi/12.3.1/thumb/v7e-m+fp/hard\libgcc.a(_arm_muldivdf3.o)
                0x08000590                __aeabi_dmul
                0x08000590                __muldf3
                0x080007e4                __divdf3
                0x080007e4                __aeabi_ddiv
 .text          0x080009b4       0x50 C:/ST/STM32CubeIDE_1.13.2/STM32CubeIDE/plugins/com.st.stm32cube.ide.mcu.externaltools.gnu-tools-for-stm32.12.3.rel1.win32_1.0.100.202403111256/tools/bin/../lib/gcc/arm-none-eabi/12.3.1/thumb/v7e-m+fp/hard\libgcc.a(_arm_fixdfsi.o)
                0x080009b4                __aeabi_d2iz
                0x080009b4                __fixdfsi
 .text          0x08000a04       0x40 C:/ST/STM32CubeIDE_1.13.2/STM32CubeIDE/plugins/com.st.stm32cube.ide.mcu.externaltools.gnu-tools-for-stm32.12.3.rel1.win32_1.0.100.202403111256/tools/bin/../lib/gcc/arm-none-eabi/12.3.1/thumb/v7e-m+fp/hard\libgcc.a(_arm_fixunsdfsi.o)
                0x08000a04                __aeabi_d2uiz
                0x08000a04                __fixunsdfsi
 .text          0x08000a44       0xa0 C:/ST/STM32CubeIDE_1.13.2/STM32CubeIDE/plugins/com.st.stm32cube.ide.mcu.externaltools.gnu-tools-for-stm32.12.3.rel1.win32_1.0.100.202403111256/tools/bin/../lib/gcc/arm-none-eabi/12.3.1/thumb/v7e-m+fp/hard\libgcc.a(_arm_truncdfsf2.o)
                0x08000a44                __truncdfsf2
                0x08000a44                __aeabi_d2f
 .text          0x08000ae4      0x21c C:/ST/STM32CubeIDE_1.13.2/STM32CubeIDE/plugins/com.st.stm32cube.ide.mcu.externaltools.gnu-tools-for-stm32.12.3.rel1.win32_1.0.100.202403111256/tools/bin/../lib/gcc/arm-none-eabi/12.3.1/thumb/v7e-m+fp/hard\libgcc.a(_arm_addsubsf3.o)
                0x08000ae4                __aeabi_frsub
                0x08000aec                __subsf3
                0x08000aec                __aeabi_fsub
                0x08000af0                __aeabi_fadd
                0x08000af0                __addsf3
                0x08000c50                __aeabi_ui2f
                0x08000c50                __floatunsisf
                0x08000c58                __aeabi_i2f
                0x08000c58                __floatsisf
                0x08000c74                __aeabi_ul2f
                0x08000c74                __floatundisf
                0x08000c84                __aeabi_l2f
                0x08000c84                __floatdisf
 .text          0x08000d00       0x30 C:/ST/STM32CubeIDE_1.13.2/STM32CubeIDE/plugins/com.st.stm32cube.ide.mcu.externaltools.gnu-tools-for-stm32.12.3.rel1.win32_1.0.100.202403111256/tools/bin/../lib/gcc/arm-none-eabi/12.3.1/thumb/v7e-m+fp/hard\libgcc.a(_aeabi_uldivmod.o)
                0x08000d00                __aeabi_uldivmod
 .text          0x08000d30      0x2bc C:/ST/STM32CubeIDE_1.13.2/STM32CubeIDE/plugins/com.st.stm32cube.ide.mcu.externaltools.gnu-tools-for-stm32.12.3.rel1.win32_1.0.100.202403111256/tools/bin/../lib/gcc/arm-none-eabi/12.3.1/thumb/v7e-m+fp/hard\libgcc.a(_udivmoddi4.o)
                0x08000d30                __udivmoddi4
 .text          0x08000fec        0x4 C:/ST/STM32CubeIDE_1.13.2/STM32CubeIDE/plugins/com.st.stm32cube.ide.mcu.externaltools.gnu-tools-for-stm32.12.3.rel1.win32_1.0.100.202403111256/tools/bin/../lib/gcc/arm-none-eabi/12.3.1/thumb/v7e-m+fp/hard\libgcc.a(_dvmd_tls.o)
                0x08000fec                __aeabi_idiv0
                0x08000fec                __aeabi_ldiv0
 *(.text*)
 .text.modbus_1t5_Timeout
                0x08000ff0       0x40 ./Core/Src/ModBusRTU.o
                0x08000ff0                modbus_1t5_Timeout
 .text.modbus_3t5_Timeout
                0x08001030       0x20 ./Core/Src/ModBusRTU.o
                0x08001030                modbus_3t5_Timeout
 .text.modbus_ErrorTimeout
                0x08001050       0x20 ./Core/Src/ModBusRTU.o
                0x08001050                modbus_ErrorTimeout
 .text.Modbus_init
                0x08001070       0xac ./Core/Src/ModBusRTU.o
                0x08001070                Modbus_init
 .text.CRC16    0x0800111c       0x6c ./Core/Src/ModBusRTU.o
                0x0800111c                CRC16
 .text.Modbus_Protocal_Worker
                0x08001188      0x204 ./Core/Src/ModBusRTU.o
                0x08001188                Modbus_Protocal_Worker
 .text.modbusWrite1Register
                0x0800138c       0x80 ./Core/Src/ModBusRTU.o
                0x0800138c                modbusWrite1Register
 .text.modbusRead1Register
                0x0800140c       0xec ./Core/Src/ModBusRTU.o
                0x0800140c                modbusRead1Register
 .text.ModbusErrorReply
                0x080014f8       0x44 ./Core/Src/ModBusRTU.o
                0x080014f8                ModbusErrorReply
 .text.Modbus_frame_response
                0x0800153c       0x30 ./Core/Src/ModBusRTU.o
                0x0800153c                Modbus_frame_response
 .text.Modbus_Emission
                0x0800156c       0xec ./Core/Src/ModBusRTU.o
                0x0800156c                Modbus_Emission
 .text.main     0x08001658      0x2f8 ./Core/Src/main.o
                0x08001658                main
 .text.SystemClock_Config
                0x08001950       0x96 ./Core/Src/main.o
                0x08001950                SystemClock_Config
 *fill*         0x080019e6        0x2 
 .text.MX_TIM1_Init
                0x080019e8      0x1a8 ./Core/Src/main.o
 .text.MX_TIM2_Init
                0x08001b90       0xa8 ./Core/Src/main.o
 .text.MX_TIM3_Init
                0x08001c38       0xec ./Core/Src/main.o
 .text.MX_TIM4_Init
                0x08001d24       0x9c ./Core/Src/main.o
 .text.MX_TIM5_Init
                0x08001dc0       0xa0 ./Core/Src/main.o
 .text.MX_TIM7_Init
                0x08001e60       0x6c ./Core/Src/main.o
 .text.MX_TIM16_Init
                0x08001ecc       0x4c ./Core/Src/main.o
 .text.MX_USART1_UART_Init
                0x08001f18       0x98 ./Core/Src/main.o
 .text.MX_USART2_UART_Init
                0x08001fb0       0x9c ./Core/Src/main.o
 .text.MX_DMA_Init
                0x0800204c       0x9c ./Core/Src/main.o
 .text.MX_GPIO_Init
                0x080020e8      0x180 ./Core/Src/main.o
 .text.ControlJoy
                0x08002268      0x3f0 ./Core/Src/main.o
                0x08002268                ControlJoy
 .text.generate_trapezoidal_velocity_profile
                0x08002658       0xdc ./Core/Src/main.o
                0x08002658                generate_trapezoidal_velocity_profile
 *fill*         0x08002734        0x4 
 .text.generate_Velocity
                0x08002738      0x360 ./Core/Src/main.o
                0x08002738                generate_Velocity
 .text.BaseAction
                0x08002a98      0x78c ./Core/Src/main.o
                0x08002a98                BaseAction
 .text.OrderSeparate
                0x08003224       0xf4 ./Core/Src/main.o
                0x08003224                OrderSeparate
 .text.serviceMotor
                0x08003318       0x50 ./Core/Src/main.o
                0x08003318                serviceMotor
 .text.getZStop
                0x08003368       0x18 ./Core/Src/main.o
                0x08003368                getZStop
 .text.HAL_GPIO_EXTI_Callback
                0x08003380       0x80 ./Core/Src/main.o
                0x08003380                HAL_GPIO_EXTI_Callback
 .text.HAL_TIM_PWM_PulseFinishedCallback
                0x08003400       0x2c ./Core/Src/main.o
                0x08003400                HAL_TIM_PWM_PulseFinishedCallback
 .text.HAL_TIM_PeriodElapsedCallback
                0x0800342c       0x7c ./Core/Src/main.o
                0x0800342c                HAL_TIM_PeriodElapsedCallback
 .text.micros   0x080034a8       0x34 ./Core/Src/main.o
                0x080034a8                micros
 *fill*         0x080034dc        0x4 
 .text.QEIEncoderPosVel_Update
                0x080034e0      0x11c ./Core/Src/main.o
                0x080034e0                QEIEncoderPosVel_Update
 .text.ACC_Update
                0x080035fc       0x70 ./Core/Src/main.o
                0x080035fc                ACC_Update
 .text.Error_Handler
                0x0800366c        0xc ./Core/Src/main.o
                0x0800366c                Error_Handler
 .text.HAL_MspInit
                0x08003678       0x48 ./Core/Src/stm32g4xx_hal_msp.o
                0x08003678                HAL_MspInit
 .text.HAL_TIM_Base_MspInit
                0x080036c0      0x20c ./Core/Src/stm32g4xx_hal_msp.o
                0x080036c0                HAL_TIM_Base_MspInit
 .text.HAL_TIM_Encoder_MspInit
                0x080038cc       0x80 ./Core/Src/stm32g4xx_hal_msp.o
                0x080038cc                HAL_TIM_Encoder_MspInit
 .text.HAL_TIM_MspPostInit
                0x0800394c       0xb8 ./Core/Src/stm32g4xx_hal_msp.o
                0x0800394c                HAL_TIM_MspPostInit
 .text.HAL_UART_MspInit
                0x08003a04      0x254 ./Core/Src/stm32g4xx_hal_msp.o
                0x08003a04                HAL_UART_MspInit
 .text.NMI_Handler
                0x08003c58        0x8 ./Core/Src/stm32g4xx_it.o
                0x08003c58                NMI_Handler
 .text.HardFault_Handler
                0x08003c60        0x8 ./Core/Src/stm32g4xx_it.o
                0x08003c60                HardFault_Handler
 .text.MemManage_Handler
                0x08003c68        0x8 ./Core/Src/stm32g4xx_it.o
                0x08003c68                MemManage_Handler
 .text.BusFault_Handler
                0x08003c70        0x8 ./Core/Src/stm32g4xx_it.o
                0x08003c70                BusFault_Handler
 .text.UsageFault_Handler
                0x08003c78        0x8 ./Core/Src/stm32g4xx_it.o
                0x08003c78                UsageFault_Handler
 .text.SVC_Handler
                0x08003c80        0xe ./Core/Src/stm32g4xx_it.o
                0x08003c80                SVC_Handler
 .text.DebugMon_Handler
                0x08003c8e        0xe ./Core/Src/stm32g4xx_it.o
                0x08003c8e                DebugMon_Handler
 .text.PendSV_Handler
                0x08003c9c        0xe ./Core/Src/stm32g4xx_it.o
                0x08003c9c                PendSV_Handler
 .text.SysTick_Handler
                0x08003caa        0xc ./Core/Src/stm32g4xx_it.o
                0x08003caa                SysTick_Handler
 *fill*         0x08003cb6        0x2 
 .text.DMA1_Channel1_IRQHandler
                0x08003cb8       0x14 ./Core/Src/stm32g4xx_it.o
                0x08003cb8                DMA1_Channel1_IRQHandler
 .text.DMA1_Channel2_IRQHandler
                0x08003ccc       0x14 ./Core/Src/stm32g4xx_it.o
                0x08003ccc                DMA1_Channel2_IRQHandler
 .text.DMA1_Channel3_IRQHandler
                0x08003ce0       0x14 ./Core/Src/stm32g4xx_it.o
                0x08003ce0                DMA1_Channel3_IRQHandler
 .text.EXTI9_5_IRQHandler
                0x08003cf4        0xe ./Core/Src/stm32g4xx_it.o
                0x08003cf4                EXTI9_5_IRQHandler
 *fill*         0x08003d02        0x2 
 .text.TIM1_BRK_TIM15_IRQHandler
                0x08003d04       0x14 ./Core/Src/stm32g4xx_it.o
                0x08003d04                TIM1_BRK_TIM15_IRQHandler
 .text.TIM1_UP_TIM16_IRQHandler
                0x08003d18       0x1c ./Core/Src/stm32g4xx_it.o
                0x08003d18                TIM1_UP_TIM16_IRQHandler
 .text.TIM4_IRQHandler
                0x08003d34       0x14 ./Core/Src/stm32g4xx_it.o
                0x08003d34                TIM4_IRQHandler
 .text.USART2_IRQHandler
                0x08003d48       0x14 ./Core/Src/stm32g4xx_it.o
                0x08003d48                USART2_IRQHandler
 .text.EXTI15_10_IRQHandler
                0x08003d5c       0x18 ./Core/Src/stm32g4xx_it.o
                0x08003d5c                EXTI15_10_IRQHandler
 .text.TIM5_IRQHandler
                0x08003d74       0x14 ./Core/Src/stm32g4xx_it.o
                0x08003d74                TIM5_IRQHandler
 .text.TIM7_DAC_IRQHandler
                0x08003d88       0x14 ./Core/Src/stm32g4xx_it.o
                0x08003d88                TIM7_DAC_IRQHandler
 .text.DMA2_Channel2_IRQHandler
                0x08003d9c       0x14 ./Core/Src/stm32g4xx_it.o
                0x08003d9c                DMA2_Channel2_IRQHandler
 .text.updateLED
                0x08003db0      0x14c ./Core/Src/subroutine.o
                0x08003db0                updateLED
 .text.HomeZ    0x08003efc       0x54 ./Core/Src/subroutine.o
                0x08003efc                HomeZ
 .text.SystemInit
                0x08003f50       0x24 ./Core/Src/system_stm32g4xx.o
                0x08003f50                SystemInit
 .text.Reset_Handler
                0x08003f74       0x50 ./Core/Startup/startup_stm32g474retx.o
                0x08003f74                Reset_Handler
 .text.Default_Handler
                0x08003fc4        0x2 ./Core/Startup/startup_stm32g474retx.o
                0x08003fc4                RTC_Alarm_IRQHandler
                0x08003fc4                EXTI2_IRQHandler
                0x08003fc4                TIM8_TRG_COM_IRQHandler
                0x08003fc4                TIM8_CC_IRQHandler
                0x08003fc4                HRTIM1_Master_IRQHandler
                0x08003fc4                SPI4_IRQHandler
                0x08003fc4                FDCAN3_IT0_IRQHandler
                0x08003fc4                TIM1_CC_IRQHandler
                0x08003fc4                HRTIM1_FLT_IRQHandler
                0x08003fc4                HRTIM1_TIMF_IRQHandler
                0x08003fc4                USB_HP_IRQHandler
                0x08003fc4                CORDIC_IRQHandler
                0x08003fc4                HRTIM1_TIMD_IRQHandler
                0x08003fc4                DMA2_Channel8_IRQHandler
                0x08003fc4                EXTI3_IRQHandler
                0x08003fc4                I2C3_ER_IRQHandler
                0x08003fc4                EXTI0_IRQHandler
                0x08003fc4                I2C2_EV_IRQHandler
                0x08003fc4                FPU_IRQHandler
                0x08003fc4                FDCAN1_IT1_IRQHandler
                0x08003fc4                ADC1_2_IRQHandler
                0x08003fc4                HRTIM1_TIME_IRQHandler
                0x08003fc4                SPI1_IRQHandler
                0x08003fc4                TIM6_DAC_IRQHandler
                0x08003fc4                HRTIM1_TIMC_IRQHandler
                0x08003fc4                TIM8_UP_IRQHandler
                0x08003fc4                DMA1_Channel4_IRQHandler
                0x08003fc4                TIM20_TRG_COM_IRQHandler
                0x08003fc4                USART3_IRQHandler
                0x08003fc4                DMA1_Channel7_IRQHandler
                0x08003fc4                UART5_IRQHandler
                0x08003fc4                ADC3_IRQHandler
                0x08003fc4                DMA2_Channel1_IRQHandler
                0x08003fc4                QUADSPI_IRQHandler
                0x08003fc4                I2C1_EV_IRQHandler
                0x08003fc4                DMA1_Channel6_IRQHandler
                0x08003fc4                UART4_IRQHandler
                0x08003fc4                DMA2_Channel4_IRQHandler
                0x08003fc4                TIM3_IRQHandler
                0x08003fc4                RCC_IRQHandler
                0x08003fc4                TIM20_UP_IRQHandler
                0x08003fc4                Default_Handler
                0x08003fc4                DMA2_Channel7_IRQHandler
                0x08003fc4                RTC_TAMP_LSECSS_IRQHandler
                0x08003fc4                FMAC_IRQHandler
                0x08003fc4                DMA1_Channel8_IRQHandler
                0x08003fc4                HRTIM1_TIMA_IRQHandler
                0x08003fc4                FDCAN3_IT1_IRQHandler
                0x08003fc4                UCPD1_IRQHandler
                0x08003fc4                I2C3_EV_IRQHandler
                0x08003fc4                RTC_WKUP_IRQHandler
                0x08003fc4                PVD_PVM_IRQHandler
                0x08003fc4                SPI2_IRQHandler
                0x08003fc4                ADC5_IRQHandler
                0x08003fc4                DMA2_Channel5_IRQHandler
                0x08003fc4                CRS_IRQHandler
                0x08003fc4                DMA1_Channel5_IRQHandler
                0x08003fc4                USB_LP_IRQHandler
                0x08003fc4                EXTI4_IRQHandler
                0x08003fc4                RNG_IRQHandler
                0x08003fc4                HRTIM1_TIMB_IRQHandler
                0x08003fc4                TIM1_TRG_COM_TIM17_IRQHandler
                0x08003fc4                FDCAN2_IT1_IRQHandler
                0x08003fc4                ADC4_IRQHandler
                0x08003fc4                WWDG_IRQHandler
                0x08003fc4                I2C4_EV_IRQHandler
                0x08003fc4                FDCAN2_IT0_IRQHandler
                0x08003fc4                LPUART1_IRQHandler
                0x08003fc4                DMA2_Channel6_IRQHandler
                0x08003fc4                FDCAN1_IT0_IRQHandler
                0x08003fc4                TIM2_IRQHandler
                0x08003fc4                COMP7_IRQHandler
                0x08003fc4                COMP1_2_3_IRQHandler
                0x08003fc4                EXTI1_IRQHandler
                0x08003fc4                COMP4_5_6_IRQHandler
                0x08003fc4                TIM20_BRK_IRQHandler
                0x08003fc4                I2C2_ER_IRQHandler
                0x08003fc4                TIM8_BRK_IRQHandler
                0x08003fc4                FLASH_IRQHandler
                0x08003fc4                TIM20_CC_IRQHandler
                0x08003fc4                USART1_IRQHandler
                0x08003fc4                SPI3_IRQHandler
                0x08003fc4                I2C1_ER_IRQHandler
                0x08003fc4                FMC_IRQHandler
                0x08003fc4                LPTIM1_IRQHandler
                0x08003fc4                DMAMUX_OVR_IRQHandler
                0x08003fc4                I2C4_ER_IRQHandler
                0x08003fc4                USBWakeUp_IRQHandler
                0x08003fc4                SAI1_IRQHandler
                0x08003fc4                DMA2_Channel3_IRQHandler
 .text.HAL_Init
                0x08003fc6       0x30 ./Drivers/STM32G4xx_HAL_Driver/Src/stm32g4xx_hal.o
                0x08003fc6                HAL_Init
 *fill*         0x08003ff6        0x2 
 .text.HAL_InitTick
                0x08003ff8       0x74 ./Drivers/STM32G4xx_HAL_Driver/Src/stm32g4xx_hal.o
                0x08003ff8                HAL_InitTick
 .text.HAL_IncTick
                0x0800406c       0x24 ./Drivers/STM32G4xx_HAL_Driver/Src/stm32g4xx_hal.o
                0x0800406c                HAL_IncTick
 .text.HAL_GetTick
                0x08004090       0x18 ./Drivers/STM32G4xx_HAL_Driver/Src/stm32g4xx_hal.o
                0x08004090                HAL_GetTick
 .text.HAL_Delay
                0x080040a8       0x44 ./Drivers/STM32G4xx_HAL_Driver/Src/stm32g4xx_hal.o
                0x080040a8                HAL_Delay
 .text.__NVIC_SetPriorityGrouping
                0x080040ec       0x48 ./Drivers/STM32G4xx_HAL_Driver/Src/stm32g4xx_hal_cortex.o
 .text.__NVIC_GetPriorityGrouping
                0x08004134       0x1c ./Drivers/STM32G4xx_HAL_Driver/Src/stm32g4xx_hal_cortex.o
 .text.__NVIC_EnableIRQ
                0x08004150       0x3c ./Drivers/STM32G4xx_HAL_Driver/Src/stm32g4xx_hal_cortex.o
 .text.__NVIC_SetPriority
                0x0800418c       0x54 ./Drivers/STM32G4xx_HAL_Driver/Src/stm32g4xx_hal_cortex.o
 .text.NVIC_EncodePriority
                0x080041e0       0x66 ./Drivers/STM32G4xx_HAL_Driver/Src/stm32g4xx_hal_cortex.o
 *fill*         0x08004246        0x2 
 .text.SysTick_Config
                0x08004248       0x44 ./Drivers/STM32G4xx_HAL_Driver/Src/stm32g4xx_hal_cortex.o
 .text.HAL_NVIC_SetPriorityGrouping
                0x0800428c       0x16 ./Drivers/STM32G4xx_HAL_Driver/Src/stm32g4xx_hal_cortex.o
                0x0800428c                HAL_NVIC_SetPriorityGrouping
 .text.HAL_NVIC_SetPriority
                0x080042a2       0x34 ./Drivers/STM32G4xx_HAL_Driver/Src/stm32g4xx_hal_cortex.o
                0x080042a2                HAL_NVIC_SetPriority
 .text.HAL_NVIC_EnableIRQ
                0x080042d6       0x1c ./Drivers/STM32G4xx_HAL_Driver/Src/stm32g4xx_hal_cortex.o
                0x080042d6                HAL_NVIC_EnableIRQ
 .text.HAL_SYSTICK_Config
                0x080042f2       0x18 ./Drivers/STM32G4xx_HAL_Driver/Src/stm32g4xx_hal_cortex.o
                0x080042f2                HAL_SYSTICK_Config
 *fill*         0x0800430a        0x2 
 .text.HAL_DMA_Init
                0x0800430c      0x150 ./Drivers/STM32G4xx_HAL_Driver/Src/stm32g4xx_hal_dma.o
                0x0800430c                HAL_DMA_Init
 .text.HAL_DMA_Start_IT
                0x0800445c       0xf6 ./Drivers/STM32G4xx_HAL_Driver/Src/stm32g4xx_hal_dma.o
                0x0800445c                HAL_DMA_Start_IT
 .text.HAL_DMA_Abort
                0x08004552       0xb2 ./Drivers/STM32G4xx_HAL_Driver/Src/stm32g4xx_hal_dma.o
                0x08004552                HAL_DMA_Abort
 .text.HAL_DMA_Abort_IT
                0x08004604       0xce ./Drivers/STM32G4xx_HAL_Driver/Src/stm32g4xx_hal_dma.o
                0x08004604                HAL_DMA_Abort_IT
 .text.HAL_DMA_IRQHandler
                0x080046d2      0x15e ./Drivers/STM32G4xx_HAL_Driver/Src/stm32g4xx_hal_dma.o
                0x080046d2                HAL_DMA_IRQHandler
 .text.DMA_SetConfig
                0x08004830       0x7c ./Drivers/STM32G4xx_HAL_Driver/Src/stm32g4xx_hal_dma.o
 .text.DMA_CalcDMAMUXChannelBaseAndMask
                0x080048ac       0x7c ./Drivers/STM32G4xx_HAL_Driver/Src/stm32g4xx_hal_dma.o
 .text.DMA_CalcDMAMUXRequestGenBaseAndMask
                0x08004928       0x48 ./Drivers/STM32G4xx_HAL_Driver/Src/stm32g4xx_hal_dma.o
 .text.HAL_GPIO_Init
                0x08004970      0x304 ./Drivers/STM32G4xx_HAL_Driver/Src/stm32g4xx_hal_gpio.o
                0x08004970                HAL_GPIO_Init
 .text.HAL_GPIO_ReadPin
                0x08004c74       0x30 ./Drivers/STM32G4xx_HAL_Driver/Src/stm32g4xx_hal_gpio.o
                0x08004c74                HAL_GPIO_ReadPin
 .text.HAL_GPIO_WritePin
                0x08004ca4       0x30 ./Drivers/STM32G4xx_HAL_Driver/Src/stm32g4xx_hal_gpio.o
                0x08004ca4                HAL_GPIO_WritePin
 .text.HAL_GPIO_EXTI_IRQHandler
                0x08004cd4       0x30 ./Drivers/STM32G4xx_HAL_Driver/Src/stm32g4xx_hal_gpio.o
                0x08004cd4                HAL_GPIO_EXTI_IRQHandler
 .text.HAL_PWREx_ControlVoltageScaling
                0x08004d04      0x148 ./Drivers/STM32G4xx_HAL_Driver/Src/stm32g4xx_hal_pwr_ex.o
                0x08004d04                HAL_PWREx_ControlVoltageScaling
 .text.HAL_PWREx_DisableUCPDDeadBattery
                0x08004e4c       0x20 ./Drivers/STM32G4xx_HAL_Driver/Src/stm32g4xx_hal_pwr_ex.o
                0x08004e4c                HAL_PWREx_DisableUCPDDeadBattery
 .text.HAL_RCC_OscConfig
                0x08004e6c      0x624 ./Drivers/STM32G4xx_HAL_Driver/Src/stm32g4xx_hal_rcc.o
                0x08004e6c                HAL_RCC_OscConfig
 .text.HAL_RCC_ClockConfig
                0x08005490      0x278 ./Drivers/STM32G4xx_HAL_Driver/Src/stm32g4xx_hal_rcc.o
                0x08005490                HAL_RCC_ClockConfig
 .text.HAL_RCC_GetSysClockFreq
                0x08005708       0xc4 ./Drivers/STM32G4xx_HAL_Driver/Src/stm32g4xx_hal_rcc.o
                0x08005708                HAL_RCC_GetSysClockFreq
 .text.HAL_RCC_GetHCLKFreq
                0x080057cc       0x18 ./Drivers/STM32G4xx_HAL_Driver/Src/stm32g4xx_hal_rcc.o
                0x080057cc                HAL_RCC_GetHCLKFreq
 .text.HAL_RCC_GetPCLK1Freq
                0x080057e4       0x2c ./Drivers/STM32G4xx_HAL_Driver/Src/stm32g4xx_hal_rcc.o
                0x080057e4                HAL_RCC_GetPCLK1Freq
 .text.HAL_RCC_GetPCLK2Freq
                0x08005810       0x2c ./Drivers/STM32G4xx_HAL_Driver/Src/stm32g4xx_hal_rcc.o
                0x08005810                HAL_RCC_GetPCLK2Freq
 .text.RCC_GetSysClockFreqFromPLLSource
                0x0800583c       0x8c ./Drivers/STM32G4xx_HAL_Driver/Src/stm32g4xx_hal_rcc.o
 .text.HAL_RCCEx_PeriphCLKConfig
                0x080058c8      0x49c ./Drivers/STM32G4xx_HAL_Driver/Src/stm32g4xx_hal_rcc_ex.o
                0x080058c8                HAL_RCCEx_PeriphCLKConfig
 .text.HAL_TIM_Base_Init
                0x08005d64       0xc8 ./Drivers/STM32G4xx_HAL_Driver/Src/stm32g4xx_hal_tim.o
                0x08005d64                HAL_TIM_Base_Init
 .text.HAL_TIM_Base_Start
                0x08005e2c       0xe0 ./Drivers/STM32G4xx_HAL_Driver/Src/stm32g4xx_hal_tim.o
                0x08005e2c                HAL_TIM_Base_Start
 .text.HAL_TIM_Base_Start_IT
                0x08005f0c       0xf0 ./Drivers/STM32G4xx_HAL_Driver/Src/stm32g4xx_hal_tim.o
                0x08005f0c                HAL_TIM_Base_Start_IT
 .text.HAL_TIM_Base_Stop_IT
                0x08005ffc       0x5e ./Drivers/STM32G4xx_HAL_Driver/Src/stm32g4xx_hal_tim.o
                0x08005ffc                HAL_TIM_Base_Stop_IT
 *fill*         0x0800605a        0x2 
 .text.HAL_TIM_PWM_Init
                0x0800605c       0xc8 ./Drivers/STM32G4xx_HAL_Driver/Src/stm32g4xx_hal_tim.o
                0x0800605c                HAL_TIM_PWM_Init
 .text.HAL_TIM_PWM_MspInit
                0x08006124       0x14 ./Drivers/STM32G4xx_HAL_Driver/Src/stm32g4xx_hal_tim.o
                0x08006124                HAL_TIM_PWM_MspInit
 .text.HAL_TIM_PWM_Start
                0x08006138      0x224 ./Drivers/STM32G4xx_HAL_Driver/Src/stm32g4xx_hal_tim.o
                0x08006138                HAL_TIM_PWM_Start
 .text.HAL_TIM_PWM_Start_DMA
                0x0800635c      0x458 ./Drivers/STM32G4xx_HAL_Driver/Src/stm32g4xx_hal_tim.o
                0x0800635c                HAL_TIM_PWM_Start_DMA
 .text.HAL_TIM_PWM_Stop_DMA
                0x080067b4      0x1fc ./Drivers/STM32G4xx_HAL_Driver/Src/stm32g4xx_hal_tim.o
                0x080067b4                HAL_TIM_PWM_Stop_DMA
 .text.HAL_TIM_OnePulse_Start_IT
                0x080069b0      0x11c ./Drivers/STM32G4xx_HAL_Driver/Src/stm32g4xx_hal_tim.o
                0x080069b0                HAL_TIM_OnePulse_Start_IT
 .text.HAL_TIM_Encoder_Init
                0x08006acc      0x168 ./Drivers/STM32G4xx_HAL_Driver/Src/stm32g4xx_hal_tim.o
                0x08006acc                HAL_TIM_Encoder_Init
 .text.HAL_TIM_Encoder_Start
                0x08006c34      0x11c ./Drivers/STM32G4xx_HAL_Driver/Src/stm32g4xx_hal_tim.o
                0x08006c34                HAL_TIM_Encoder_Start
 .text.HAL_TIM_IRQHandler
                0x08006d50      0x2f2 ./Drivers/STM32G4xx_HAL_Driver/Src/stm32g4xx_hal_tim.o
                0x08006d50                HAL_TIM_IRQHandler
 *fill*         0x08007042        0x2 
 .text.HAL_TIM_PWM_ConfigChannel
                0x08007044      0x228 ./Drivers/STM32G4xx_HAL_Driver/Src/stm32g4xx_hal_tim.o
                0x08007044                HAL_TIM_PWM_ConfigChannel
 .text.HAL_TIM_ConfigClockSource
                0x0800726c      0x22c ./Drivers/STM32G4xx_HAL_Driver/Src/stm32g4xx_hal_tim.o
                0x0800726c                HAL_TIM_ConfigClockSource
 .text.HAL_TIM_PeriodElapsedHalfCpltCallback
                0x08007498       0x14 ./Drivers/STM32G4xx_HAL_Driver/Src/stm32g4xx_hal_tim.o
                0x08007498                HAL_TIM_PeriodElapsedHalfCpltCallback
 .text.HAL_TIM_OC_DelayElapsedCallback
                0x080074ac       0x14 ./Drivers/STM32G4xx_HAL_Driver/Src/stm32g4xx_hal_tim.o
                0x080074ac                HAL_TIM_OC_DelayElapsedCallback
 .text.HAL_TIM_IC_CaptureCallback
                0x080074c0       0x14 ./Drivers/STM32G4xx_HAL_Driver/Src/stm32g4xx_hal_tim.o
                0x080074c0                HAL_TIM_IC_CaptureCallback
 .text.HAL_TIM_IC_CaptureHalfCpltCallback
                0x080074d4       0x14 ./Drivers/STM32G4xx_HAL_Driver/Src/stm32g4xx_hal_tim.o
                0x080074d4                HAL_TIM_IC_CaptureHalfCpltCallback
 .text.HAL_TIM_PWM_PulseFinishedHalfCpltCallback
                0x080074e8       0x14 ./Drivers/STM32G4xx_HAL_Driver/Src/stm32g4xx_hal_tim.o
                0x080074e8                HAL_TIM_PWM_PulseFinishedHalfCpltCallback
 .text.HAL_TIM_TriggerCallback
                0x080074fc       0x14 ./Drivers/STM32G4xx_HAL_Driver/Src/stm32g4xx_hal_tim.o
                0x080074fc                HAL_TIM_TriggerCallback
 .text.HAL_TIM_TriggerHalfCpltCallback
                0x08007510       0x14 ./Drivers/STM32G4xx_HAL_Driver/Src/stm32g4xx_hal_tim.o
                0x08007510                HAL_TIM_TriggerHalfCpltCallback
 .text.HAL_TIM_ErrorCallback
                0x08007524       0x14 ./Drivers/STM32G4xx_HAL_Driver/Src/stm32g4xx_hal_tim.o
                0x08007524                HAL_TIM_ErrorCallback
 .text.HAL_TIM_RegisterCallback
                0x08007538      0x2c0 ./Drivers/STM32G4xx_HAL_Driver/Src/stm32g4xx_hal_tim.o
                0x08007538                HAL_TIM_RegisterCallback
 .text.TIM_DMAError
                0x080077f8       0x96 ./Drivers/STM32G4xx_HAL_Driver/Src/stm32g4xx_hal_tim.o
                0x080077f8                TIM_DMAError
 .text.TIM_DMADelayPulseCplt
                0x0800788e       0xac ./Drivers/STM32G4xx_HAL_Driver/Src/stm32g4xx_hal_tim.o
 .text.TIM_DMADelayPulseHalfCplt
                0x0800793a       0x6c ./Drivers/STM32G4xx_HAL_Driver/Src/stm32g4xx_hal_tim.o
                0x0800793a                TIM_DMADelayPulseHalfCplt
 *fill*         0x080079a6        0x2 
 .text.TIM_Base_SetConfig
                0x080079a8      0x168 ./Drivers/STM32G4xx_HAL_Driver/Src/stm32g4xx_hal_tim.o
                0x080079a8                TIM_Base_SetConfig
 .text.TIM_OC1_SetConfig
                0x08007b10      0x134 ./Drivers/STM32G4xx_HAL_Driver/Src/stm32g4xx_hal_tim.o
 .text.TIM_OC2_SetConfig
                0x08007c44      0x128 ./Drivers/STM32G4xx_HAL_Driver/Src/stm32g4xx_hal_tim.o
                0x08007c44                TIM_OC2_SetConfig
 .text.TIM_OC3_SetConfig
                0x08007d6c      0x124 ./Drivers/STM32G4xx_HAL_Driver/Src/stm32g4xx_hal_tim.o
 .text.TIM_OC4_SetConfig
                0x08007e90      0x128 ./Drivers/STM32G4xx_HAL_Driver/Src/stm32g4xx_hal_tim.o
 .text.TIM_OC5_SetConfig
                0x08007fb8       0xd4 ./Drivers/STM32G4xx_HAL_Driver/Src/stm32g4xx_hal_tim.o
 .text.TIM_OC6_SetConfig
                0x0800808c       0xd8 ./Drivers/STM32G4xx_HAL_Driver/Src/stm32g4xx_hal_tim.o
 .text.TIM_TI1_ConfigInputStage
                0x08008164       0x5e ./Drivers/STM32G4xx_HAL_Driver/Src/stm32g4xx_hal_tim.o
 .text.TIM_TI2_ConfigInputStage
                0x080081c2       0x60 ./Drivers/STM32G4xx_HAL_Driver/Src/stm32g4xx_hal_tim.o
 .text.TIM_ITRx_SetConfig
                0x08008222       0x3a ./Drivers/STM32G4xx_HAL_Driver/Src/stm32g4xx_hal_tim.o
 .text.TIM_ETR_SetConfig
                0x0800825c       0x40 ./Drivers/STM32G4xx_HAL_Driver/Src/stm32g4xx_hal_tim.o
                0x0800825c                TIM_ETR_SetConfig
 .text.TIM_CCxChannelCmd
                0x0800829c       0x4a ./Drivers/STM32G4xx_HAL_Driver/Src/stm32g4xx_hal_tim.o
                0x0800829c                TIM_CCxChannelCmd
 *fill*         0x080082e6        0x2 
 .text.TIM_ResetCallback
                0x080082e8       0xec ./Drivers/STM32G4xx_HAL_Driver/Src/stm32g4xx_hal_tim.o
                0x080082e8                TIM_ResetCallback
 .text.HAL_TIMEx_MasterConfigSynchronization
                0x080083d4      0x12c ./Drivers/STM32G4xx_HAL_Driver/Src/stm32g4xx_hal_tim_ex.o
                0x080083d4                HAL_TIMEx_MasterConfigSynchronization
 .text.HAL_TIMEx_ConfigBreakDeadTime
                0x08008500      0x128 ./Drivers/STM32G4xx_HAL_Driver/Src/stm32g4xx_hal_tim_ex.o
                0x08008500                HAL_TIMEx_ConfigBreakDeadTime
 .text.HAL_TIMEx_ConfigBreakInput
                0x08008628      0x244 ./Drivers/STM32G4xx_HAL_Driver/Src/stm32g4xx_hal_tim_ex.o
                0x08008628                HAL_TIMEx_ConfigBreakInput
 .text.HAL_TIMEx_CommutCallback
                0x0800886c       0x14 ./Drivers/STM32G4xx_HAL_Driver/Src/stm32g4xx_hal_tim_ex.o
                0x0800886c                HAL_TIMEx_CommutCallback
 .text.HAL_TIMEx_CommutHalfCpltCallback
                0x08008880       0x14 ./Drivers/STM32G4xx_HAL_Driver/Src/stm32g4xx_hal_tim_ex.o
                0x08008880                HAL_TIMEx_CommutHalfCpltCallback
 .text.HAL_TIMEx_BreakCallback
                0x08008894       0x14 ./Drivers/STM32G4xx_HAL_Driver/Src/stm32g4xx_hal_tim_ex.o
                0x08008894                HAL_TIMEx_BreakCallback
 .text.HAL_TIMEx_Break2Callback
                0x080088a8       0x14 ./Drivers/STM32G4xx_HAL_Driver/Src/stm32g4xx_hal_tim_ex.o
                0x080088a8                HAL_TIMEx_Break2Callback
 .text.HAL_TIMEx_EncoderIndexCallback
                0x080088bc       0x14 ./Drivers/STM32G4xx_HAL_Driver/Src/stm32g4xx_hal_tim_ex.o
                0x080088bc                HAL_TIMEx_EncoderIndexCallback
 .text.HAL_TIMEx_DirectionChangeCallback
                0x080088d0       0x14 ./Drivers/STM32G4xx_HAL_Driver/Src/stm32g4xx_hal_tim_ex.o
                0x080088d0                HAL_TIMEx_DirectionChangeCallback
 .text.HAL_TIMEx_IndexErrorCallback
                0x080088e4       0x14 ./Drivers/STM32G4xx_HAL_Driver/Src/stm32g4xx_hal_tim_ex.o
                0x080088e4                HAL_TIMEx_IndexErrorCallback
 .text.HAL_TIMEx_TransitionErrorCallback
                0x080088f8       0x14 ./Drivers/STM32G4xx_HAL_Driver/Src/stm32g4xx_hal_tim_ex.o
                0x080088f8                HAL_TIMEx_TransitionErrorCallback
 .text.HAL_UART_Init
                0x0800890c       0xc0 ./Drivers/STM32G4xx_HAL_Driver/Src/stm32g4xx_hal_uart.o
                0x0800890c                HAL_UART_Init
 .text.HAL_UART_RegisterCallback
                0x080089cc      0x174 ./Drivers/STM32G4xx_HAL_Driver/Src/stm32g4xx_hal_uart.o
                0x080089cc                HAL_UART_RegisterCallback
 .text.HAL_UART_Transmit_DMA
                0x08008b40      0x100 ./Drivers/STM32G4xx_HAL_Driver/Src/stm32g4xx_hal_uart.o
                0x08008b40                HAL_UART_Transmit_DMA
 .text.HAL_UART_Receive_DMA
                0x08008c40       0x98 ./Drivers/STM32G4xx_HAL_Driver/Src/stm32g4xx_hal_uart.o
                0x08008c40                HAL_UART_Receive_DMA
 .text.HAL_UART_IRQHandler
                0x08008cd8      0x668 ./Drivers/STM32G4xx_HAL_Driver/Src/stm32g4xx_hal_uart.o
                0x08008cd8                HAL_UART_IRQHandler
 .text.HAL_UART_TxCpltCallback
                0x08009340       0x14 ./Drivers/STM32G4xx_HAL_Driver/Src/stm32g4xx_hal_uart.o
                0x08009340                HAL_UART_TxCpltCallback
 .text.HAL_UART_TxHalfCpltCallback
                0x08009354       0x14 ./Drivers/STM32G4xx_HAL_Driver/Src/stm32g4xx_hal_uart.o
                0x08009354                HAL_UART_TxHalfCpltCallback
 .text.HAL_UART_RxCpltCallback
                0x08009368       0x14 ./Drivers/STM32G4xx_HAL_Driver/Src/stm32g4xx_hal_uart.o
                0x08009368                HAL_UART_RxCpltCallback
 .text.HAL_UART_RxHalfCpltCallback
                0x0800937c       0x14 ./Drivers/STM32G4xx_HAL_Driver/Src/stm32g4xx_hal_uart.o
                0x0800937c                HAL_UART_RxHalfCpltCallback
 .text.HAL_UART_ErrorCallback
                0x08009390       0x14 ./Drivers/STM32G4xx_HAL_Driver/Src/stm32g4xx_hal_uart.o
                0x08009390                HAL_UART_ErrorCallback
 .text.HAL_UART_AbortCpltCallback
                0x080093a4       0x14 ./Drivers/STM32G4xx_HAL_Driver/Src/stm32g4xx_hal_uart.o
                0x080093a4                HAL_UART_AbortCpltCallback
 .text.HAL_UART_AbortTransmitCpltCallback
                0x080093b8       0x14 ./Drivers/STM32G4xx_HAL_Driver/Src/stm32g4xx_hal_uart.o
                0x080093b8                HAL_UART_AbortTransmitCpltCallback
 .text.HAL_UART_AbortReceiveCpltCallback
                0x080093cc       0x14 ./Drivers/STM32G4xx_HAL_Driver/Src/stm32g4xx_hal_uart.o
                0x080093cc                HAL_UART_AbortReceiveCpltCallback
 .text.HAL_UARTEx_RxEventCallback
                0x080093e0       0x18 ./Drivers/STM32G4xx_HAL_Driver/Src/stm32g4xx_hal_uart.o
                0x080093e0                HAL_UARTEx_RxEventCallback
 .text.HAL_UART_ReceiverTimeout_Config
                0x080093f8       0x38 ./Drivers/STM32G4xx_HAL_Driver/Src/stm32g4xx_hal_uart.o
                0x080093f8                HAL_UART_ReceiverTimeout_Config
 .text.HAL_UART_EnableReceiverTimeout
                0x08009430       0x74 ./Drivers/STM32G4xx_HAL_Driver/Src/stm32g4xx_hal_uart.o
                0x08009430                HAL_UART_EnableReceiverTimeout
 .text.HAL_UART_GetError
                0x080094a4       0x1a ./Drivers/STM32G4xx_HAL_Driver/Src/stm32g4xx_hal_uart.o
                0x080094a4                HAL_UART_GetError
 *fill*         0x080094be        0x2 
 .text.UART_InitCallbacksToDefault
                0x080094c0       0xa4 ./Drivers/STM32G4xx_HAL_Driver/Src/stm32g4xx_hal_uart.o
                0x080094c0                UART_InitCallbacksToDefault
 .text.UART_SetConfig
                0x08009564      0x5f8 ./Drivers/STM32G4xx_HAL_Driver/Src/stm32g4xx_hal_uart.o
                0x08009564                UART_SetConfig
 .text.UART_AdvFeatureConfig
                0x08009b5c      0x144 ./Drivers/STM32G4xx_HAL_Driver/Src/stm32g4xx_hal_uart.o
                0x08009b5c                UART_AdvFeatureConfig
 .text.UART_CheckIdleState
                0x08009ca0      0x154 ./Drivers/STM32G4xx_HAL_Driver/Src/stm32g4xx_hal_uart.o
                0x08009ca0                UART_CheckIdleState
 .text.UART_WaitOnFlagUntilTimeout
                0x08009df4       0xda ./Drivers/STM32G4xx_HAL_Driver/Src/stm32g4xx_hal_uart.o
                0x08009df4                UART_WaitOnFlagUntilTimeout
 *fill*         0x08009ece        0x2 
 .text.UART_Start_Receive_DMA
                0x08009ed0      0x14c ./Drivers/STM32G4xx_HAL_Driver/Src/stm32g4xx_hal_uart.o
                0x08009ed0                UART_Start_Receive_DMA
 .text.UART_EndTxTransfer
                0x0800a01c       0x82 ./Drivers/STM32G4xx_HAL_Driver/Src/stm32g4xx_hal_uart.o
 .text.UART_EndRxTransfer
                0x0800a09e       0xcc ./Drivers/STM32G4xx_HAL_Driver/Src/stm32g4xx_hal_uart.o
 .text.UART_DMATransmitCplt
                0x0800a16a       0x9e ./Drivers/STM32G4xx_HAL_Driver/Src/stm32g4xx_hal_uart.o
 .text.UART_DMATxHalfCplt
                0x0800a208       0x20 ./Drivers/STM32G4xx_HAL_Driver/Src/stm32g4xx_hal_uart.o
 .text.UART_DMAReceiveCplt
                0x0800a228      0x134 ./Drivers/STM32G4xx_HAL_Driver/Src/stm32g4xx_hal_uart.o
 .text.UART_DMARxHalfCplt
                0x0800a35c       0x46 ./Drivers/STM32G4xx_HAL_Driver/Src/stm32g4xx_hal_uart.o
 .text.UART_DMAError
                0x0800a3a2       0x84 ./Drivers/STM32G4xx_HAL_Driver/Src/stm32g4xx_hal_uart.o
 .text.UART_DMAAbortOnError
                0x0800a426       0x30 ./Drivers/STM32G4xx_HAL_Driver/Src/stm32g4xx_hal_uart.o
 .text.UART_EndTransmit_IT
                0x0800a456       0x5a ./Drivers/STM32G4xx_HAL_Driver/Src/stm32g4xx_hal_uart.o
 .text.HAL_UARTEx_WakeupCallback
                0x0800a4b0       0x14 ./Drivers/STM32G4xx_HAL_Driver/Src/stm32g4xx_hal_uart_ex.o
                0x0800a4b0                HAL_UARTEx_WakeupCallback
 .text.HAL_UARTEx_RxFifoFullCallback
                0x0800a4c4       0x14 ./Drivers/STM32G4xx_HAL_Driver/Src/stm32g4xx_hal_uart_ex.o
                0x0800a4c4                HAL_UARTEx_RxFifoFullCallback
 .text.HAL_UARTEx_TxFifoEmptyCallback
                0x0800a4d8       0x14 ./Drivers/STM32G4xx_HAL_Driver/Src/stm32g4xx_hal_uart_ex.o
                0x0800a4d8                HAL_UARTEx_TxFifoEmptyCallback
 .text.HAL_UARTEx_DisableFifoMode
                0x0800a4ec       0x72 ./Drivers/STM32G4xx_HAL_Driver/Src/stm32g4xx_hal_uart_ex.o
                0x0800a4ec                HAL_UARTEx_DisableFifoMode
 .text.HAL_UARTEx_SetTxFifoThreshold
                0x0800a55e       0x7c ./Drivers/STM32G4xx_HAL_Driver/Src/stm32g4xx_hal_uart_ex.o
                0x0800a55e                HAL_UARTEx_SetTxFifoThreshold
 .text.HAL_UARTEx_SetRxFifoThreshold
                0x0800a5da       0x7c ./Drivers/STM32G4xx_HAL_Driver/Src/stm32g4xx_hal_uart_ex.o
                0x0800a5da                HAL_UARTEx_SetRxFifoThreshold
 *fill*         0x0800a656        0x2 
 .text.UARTEx_SetNbDataToProcess
                0x0800a658       0x9c ./Drivers/STM32G4xx_HAL_Driver/Src/stm32g4xx_hal_uart_ex.o
 .text.arm_pid_init_f32
                0x0800a6f4       0x6c ./Middlewares/Third_Party/ARM_CMSIS/Source/ControllerFunctions/ControllerFunctions.o
                0x0800a6f4                arm_pid_init_f32
 .text.memset   0x0800a760       0x10 C:/ST/STM32CubeIDE_1.13.2/STM32CubeIDE/plugins/com.st.stm32cube.ide.mcu.externaltools.gnu-tools-for-stm32.12.3.rel1.win32_1.0.100.202403111256/tools/bin/../lib/gcc/arm-none-eabi/12.3.1/../../../../arm-none-eabi/lib/thumb/v7e-m+fp/hard\libc_nano.a(libc_a-memset.o)
                0x0800a760                memset
 .text.__libc_init_array
                0x0800a770       0x48 C:/ST/STM32CubeIDE_1.13.2/STM32CubeIDE/plugins/com.st.stm32cube.ide.mcu.externaltools.gnu-tools-for-stm32.12.3.rel1.win32_1.0.100.202403111256/tools/bin/../lib/gcc/arm-none-eabi/12.3.1/../../../../arm-none-eabi/lib/thumb/v7e-m+fp/hard\libc_nano.a(libc_a-init.o)
                0x0800a770                __libc_init_array
 .text.memcpy   0x0800a7b8       0x1c C:/ST/STM32CubeIDE_1.13.2/STM32CubeIDE/plugins/com.st.stm32cube.ide.mcu.externaltools.gnu-tools-for-stm32.12.3.rel1.win32_1.0.100.202403111256/tools/bin/../lib/gcc/arm-none-eabi/12.3.1/../../../../arm-none-eabi/lib/thumb/v7e-m+fp/hard\libc_nano.a(libc_a-memcpy-stub.o)
                0x0800a7b8                memcpy
 *(.glue_7)
 .glue_7        0x0800a7d4        0x0 linker stubs
 *(.glue_7t)
 .glue_7t       0x0800a7d4        0x0 linker stubs
 *(.eh_frame)
 .eh_frame      0x0800a7d4        0x0 C:/ST/STM32CubeIDE_1.13.2/STM32CubeIDE/plugins/com.st.stm32cube.ide.mcu.externaltools.gnu-tools-for-stm32.12.3.rel1.win32_1.0.100.202403111256/tools/bin/../lib/gcc/arm-none-eabi/12.3.1/thumb/v7e-m+fp/hard/crtbegin.o
 *(.init)
 .init          0x0800a7d4        0x4 C:/ST/STM32CubeIDE_1.13.2/STM32CubeIDE/plugins/com.st.stm32cube.ide.mcu.externaltools.gnu-tools-for-stm32.12.3.rel1.win32_1.0.100.202403111256/tools/bin/../lib/gcc/arm-none-eabi/12.3.1/thumb/v7e-m+fp/hard/crti.o
                0x0800a7d4                _init
 .init          0x0800a7d8        0x8 C:/ST/STM32CubeIDE_1.13.2/STM32CubeIDE/plugins/com.st.stm32cube.ide.mcu.externaltools.gnu-tools-for-stm32.12.3.rel1.win32_1.0.100.202403111256/tools/bin/../lib/gcc/arm-none-eabi/12.3.1/thumb/v7e-m+fp/hard/crtn.o
 *(.fini)
 .fini          0x0800a7e0        0x4 C:/ST/STM32CubeIDE_1.13.2/STM32CubeIDE/plugins/com.st.stm32cube.ide.mcu.externaltools.gnu-tools-for-stm32.12.3.rel1.win32_1.0.100.202403111256/tools/bin/../lib/gcc/arm-none-eabi/12.3.1/thumb/v7e-m+fp/hard/crti.o
                0x0800a7e0                _fini
 .fini          0x0800a7e4        0x8 C:/ST/STM32CubeIDE_1.13.2/STM32CubeIDE/plugins/com.st.stm32cube.ide.mcu.externaltools.gnu-tools-for-stm32.12.3.rel1.win32_1.0.100.202403111256/tools/bin/../lib/gcc/arm-none-eabi/12.3.1/thumb/v7e-m+fp/hard/crtn.o
                0x0800a7ec                        . = ALIGN (0x4)
                0x0800a7ec                        _etext = .

.vfp11_veneer   0x0800a7ec        0x0
 .vfp11_veneer  0x0800a7ec        0x0 linker stubs

.v4_bx          0x0800a7ec        0x0
 .v4_bx         0x0800a7ec        0x0 linker stubs

.iplt           0x0800a7ec        0x0
 .iplt          0x0800a7ec        0x0 C:/ST/STM32CubeIDE_1.13.2/STM32CubeIDE/plugins/com.st.stm32cube.ide.mcu.externaltools.gnu-tools-for-stm32.12.3.rel1.win32_1.0.100.202403111256/tools/bin/../lib/gcc/arm-none-eabi/12.3.1/thumb/v7e-m+fp/hard/crtbegin.o

.rodata         0x0800a7ec       0x60
                0x0800a7ec                        . = ALIGN (0x4)
 *(.rodata)
 .rodata        0x0800a7ec       0x20 ./Core/Src/subroutine.o
 *(.rodata*)
 .rodata.AHBPrescTable
                0x0800a80c       0x10 ./Core/Src/system_stm32g4xx.o
                0x0800a80c                AHBPrescTable
 .rodata.APBPrescTable
                0x0800a81c        0x8 ./Core/Src/system_stm32g4xx.o
                0x0800a81c                APBPrescTable
 .rodata.UARTPrescTable
                0x0800a824       0x18 ./Drivers/STM32G4xx_HAL_Driver/Src/stm32g4xx_hal_uart.o
                0x0800a824                UARTPrescTable
 .rodata.numerator.1
                0x0800a83c        0x8 ./Drivers/STM32G4xx_HAL_Driver/Src/stm32g4xx_hal_uart_ex.o
 .rodata.denominator.0
                0x0800a844        0x8 ./Drivers/STM32G4xx_HAL_Driver/Src/stm32g4xx_hal_uart_ex.o
                0x0800a84c                        . = ALIGN (0x4)

.ARM.extab      0x0800a84c        0x0
                0x0800a84c                        . = ALIGN (0x4)
 *(.ARM.extab* .gnu.linkonce.armextab.*)
                0x0800a84c                        . = ALIGN (0x4)

.ARM            0x0800a84c        0x8
                0x0800a84c                        . = ALIGN (0x4)
                0x0800a84c                        __exidx_start = .
 *(.ARM.exidx*)
 .ARM.exidx     0x0800a84c        0x8 C:/ST/STM32CubeIDE_1.13.2/STM32CubeIDE/plugins/com.st.stm32cube.ide.mcu.externaltools.gnu-tools-for-stm32.12.3.rel1.win32_1.0.100.202403111256/tools/bin/../lib/gcc/arm-none-eabi/12.3.1/thumb/v7e-m+fp/hard\libgcc.a(_udivmoddi4.o)
                0x0800a854                        __exidx_end = .
                0x0800a854                        . = ALIGN (0x4)

.rel.dyn        0x0800a854        0x0
 .rel.iplt      0x0800a854        0x0 C:/ST/STM32CubeIDE_1.13.2/STM32CubeIDE/plugins/com.st.stm32cube.ide.mcu.externaltools.gnu-tools-for-stm32.12.3.rel1.win32_1.0.100.202403111256/tools/bin/../lib/gcc/arm-none-eabi/12.3.1/thumb/v7e-m+fp/hard/crtbegin.o

.preinit_array  0x0800a854        0x0
                0x0800a854                        . = ALIGN (0x4)
                0x0800a854                        PROVIDE (__preinit_array_start = .)
 *(.preinit_array*)
                0x0800a854                        PROVIDE (__preinit_array_end = .)
                0x0800a854                        . = ALIGN (0x4)

.init_array     0x0800a854        0x4
                0x0800a854                        . = ALIGN (0x4)
                0x0800a854                        PROVIDE (__init_array_start = .)
 *(SORT_BY_NAME(.init_array.*))
 *(.init_array*)
 .init_array    0x0800a854        0x4 C:/ST/STM32CubeIDE_1.13.2/STM32CubeIDE/plugins/com.st.stm32cube.ide.mcu.externaltools.gnu-tools-for-stm32.12.3.rel1.win32_1.0.100.202403111256/tools/bin/../lib/gcc/arm-none-eabi/12.3.1/thumb/v7e-m+fp/hard/crtbegin.o
                0x0800a858                        PROVIDE (__init_array_end = .)
                0x0800a858                        . = ALIGN (0x4)

.fini_array     0x0800a858        0x4
                0x0800a858                        . = ALIGN (0x4)
                [!provide]                        PROVIDE (__fini_array_start = .)
 *(SORT_BY_NAME(.fini_array.*))
 *(.fini_array*)
 .fini_array    0x0800a858        0x4 C:/ST/STM32CubeIDE_1.13.2/STM32CubeIDE/plugins/com.st.stm32cube.ide.mcu.externaltools.gnu-tools-for-stm32.12.3.rel1.win32_1.0.100.202403111256/tools/bin/../lib/gcc/arm-none-eabi/12.3.1/thumb/v7e-m+fp/hard/crtbegin.o
                [!provide]                        PROVIDE (__fini_array_end = .)
                0x0800a85c                        . = ALIGN (0x4)
                0x0800a85c                        _sidata = LOADADDR (.data)

.data           0x20000000      0x218 load address 0x0800a85c
                0x20000000                        . = ALIGN (0x4)
                0x20000000                        _sdata = .
 *(.data)
 *(.data*)
 .data.auchCRCLo
                0x20000000      0x100 ./Core/Src/ModBusRTU.o
 .data.auchCRCHi
                0x20000100      0x100 ./Core/Src/ModBusRTU.o
 .data.time_op  0x20000200        0x4 ./Core/Src/main.o
                0x20000200                time_op
 .data.num_points
                0x20000204        0x4 ./Core/Src/main.o
                0x20000204                num_points
 .data.buf      0x20000208        0x3 ./Core/Src/main.o
                0x20000208                buf
 *fill*         0x2000020b        0x1 
 .data.SystemCoreClock
                0x2000020c        0x4 ./Core/Src/system_stm32g4xx.o
                0x2000020c                SystemCoreClock
 .data.uwTickPrio
                0x20000210        0x4 ./Drivers/STM32G4xx_HAL_Driver/Src/stm32g4xx_hal.o
                0x20000210                uwTickPrio
 .data.uwTickFreq
                0x20000214        0x4 ./Drivers/STM32G4xx_HAL_Driver/Src/stm32g4xx_hal.o
                0x20000214                uwTickFreq
 *(.RamFunc)
 *(.RamFunc*)
                0x20000218                        . = ALIGN (0x4)
                0x20000218                        _edata = .

.igot.plt       0x20000218        0x0 load address 0x0800aa74
 .igot.plt      0x20000218        0x0 C:/ST/STM32CubeIDE_1.13.2/STM32CubeIDE/plugins/com.st.stm32cube.ide.mcu.externaltools.gnu-tools-for-stm32.12.3.rel1.win32_1.0.100.202403111256/tools/bin/../lib/gcc/arm-none-eabi/12.3.1/thumb/v7e-m+fp/hard/crtbegin.o
                0x20000218                        . = ALIGN (0x4)

.bss            0x20000218     0x1174 load address 0x0800aa74
                0x20000218                        _sbss = .
                0x20000218                        __bss_start__ = _sbss
 *(.bss)
 .bss           0x20000218       0x1c C:/ST/STM32CubeIDE_1.13.2/STM32CubeIDE/plugins/com.st.stm32cube.ide.mcu.externaltools.gnu-tools-for-stm32.12.3.rel1.win32_1.0.100.202403111256/tools/bin/../lib/gcc/arm-none-eabi/12.3.1/thumb/v7e-m+fp/hard/crtbegin.o
 *(.bss*)
 .bss.hModbus   0x20000234        0x4 ./Core/Src/ModBusRTU.o
                0x20000234                hModbus
 .bss.htim1     0x20000238       0xcc ./Core/Src/main.o
                0x20000238                htim1
 .bss.htim2     0x20000304       0xcc ./Core/Src/main.o
                0x20000304                htim2
 .bss.htim3     0x200003d0       0xcc ./Core/Src/main.o
                0x200003d0                htim3
 .bss.htim4     0x2000049c       0xcc ./Core/Src/main.o
                0x2000049c                htim4
 .bss.htim5     0x20000568       0xcc ./Core/Src/main.o
                0x20000568                htim5
 .bss.htim7     0x20000634       0xcc ./Core/Src/main.o
                0x20000634                htim7
 .bss.htim16    0x20000700       0xcc ./Core/Src/main.o
                0x20000700                htim16
 .bss.hdma_tim3_ch2
                0x200007cc       0x60 ./Core/Src/main.o
                0x200007cc                hdma_tim3_ch2
 .bss.huart1    0x2000082c       0xcc ./Core/Src/main.o
                0x2000082c                huart1
 .bss.huart2    0x200008f8       0xcc ./Core/Src/main.o
                0x200008f8                huart2
 .bss.hdma_usart1_rx
                0x200009c4       0x60 ./Core/Src/main.o
                0x200009c4                hdma_usart1_rx
 .bss.hdma_usart2_rx
                0x20000a24       0x60 ./Core/Src/main.o
                0x20000a24                hdma_usart2_rx
 .bss.hdma_usart2_tx
                0x20000a84       0x60 ./Core/Src/main.o
                0x20000a84                hdma_usart2_tx
 .bss.joystickPayload
                0x20000ae4        0x1 ./Core/Src/main.o
                0x20000ae4                joystickPayload
 *fill*         0x20000ae5        0x3 
 .bss.qeiRaw    0x20000ae8        0x4 ./Core/Src/main.o
                0x20000ae8                qeiRaw
 .bss.qeifloat  0x20000aec        0x4 ./Core/Src/main.o
                0x20000aec                qeifloat
 .bss.TT        0x20000af0        0x4 ./Core/Src/main.o
                0x20000af0                TT
 .bss.C         0x20000af4        0x1 ./Core/Src/main.o
                0x20000af4                C
 .bss.Va        0x20000af5        0x1 ./Core/Src/main.o
                0x20000af5                Va
 .bss.zStop     0x20000af6        0x1 ./Core/Src/main.o
                0x20000af6                zStop
 *fill*         0x20000af7        0x1 
 .bss.hmodbus   0x20000af8      0x4d8 ./Core/Src/main.o
                0x20000af8                hmodbus
 .bss.flagShelf
                0x20000fd0        0x1 ./Core/Src/main.o
                0x20000fd0                flagShelf
 *fill*         0x20000fd1        0x1 
 .bss.piingpong
                0x20000fd2        0x2 ./Core/Src/main.o
                0x20000fd2                piingpong
 .bss.vacuum    0x20000fd4        0x1 ./Core/Src/main.o
                0x20000fd4                vacuum
 .bss.gripper   0x20000fd5        0x1 ./Core/Src/main.o
                0x20000fd5                gripper
 .bss.reed      0x20000fd6        0x1 ./Core/Src/main.o
                0x20000fd6                reed
 *fill*         0x20000fd7        0x1 
 .bss.rState1   0x20000fd8        0x2 ./Core/Src/main.o
                0x20000fd8                rState1
 .bss.rState2   0x20000fda        0x2 ./Core/Src/main.o
                0x20000fda                rState2
 .bss.linear_velocity
                0x20000fdc        0x4 ./Core/Src/main.o
                0x20000fdc                linear_velocity
 .bss.linear_accel
                0x20000fe0        0x4 ./Core/Src/main.o
                0x20000fe0                linear_accel
 .bss.linear_position
                0x20000fe4        0x4 ./Core/Src/main.o
                0x20000fe4                linear_position
 .bss.registerFrame
                0x20000fe8      0x190 ./Core/Src/main.o
                0x20000fe8                registerFrame
 .bss.shelfPos  0x20001178        0xa ./Core/Src/main.o
                0x20001178                shelfPos
 .bss.setPos    0x20001182        0x2 ./Core/Src/main.o
                0x20001182                setPos
 .bss.x_pos     0x20001184        0x2 ./Core/Src/main.o
                0x20001184                x_pos
 .bss.mode      0x20001186        0x1 ./Core/Src/main.o
                0x20001186                mode
 *fill*         0x20001187        0x1 
 .bss.temPick   0x20001188        0x2 ./Core/Src/main.o
                0x20001188                temPick
 .bss.temPlace  0x2000118a        0x2 ./Core/Src/main.o
                0x2000118a                temPlace
 .bss.pick      0x2000118c        0xa ./Core/Src/main.o
                0x2000118c                pick
 *fill*         0x20001196        0x2 
 .bss.place     0x20001198        0xa ./Core/Src/main.o
                0x20001198                place
 .bss.rnd       0x200011a2        0x1 ./Core/Src/main.o
                0x200011a2                rnd
 .bss.rnd2      0x200011a3        0x1 ./Core/Src/main.o
                0x200011a3                rnd2
 .bss.load      0x200011a4        0x1 ./Core/Src/main.o
                0x200011a4                load
 .bss.xx        0x200011a5        0x1 ./Core/Src/main.o
                0x200011a5                xx
 *fill*         0x200011a6        0x2 
 .bss.position_goal
                0x200011a8        0x4 ./Core/Src/main.o
                0x200011a8                position_goal
 .bss.position_now
                0x200011ac        0x4 ./Core/Src/main.o
                0x200011ac                position_now
 .bss.total_displacement
                0x200011b0        0x4 ./Core/Src/main.o
                0x200011b0                total_displacement
 .bss.total_time
                0x200011b4        0x4 ./Core/Src/main.o
                0x200011b4                total_time
 .bss.t_acc     0x200011b8        0x4 ./Core/Src/main.o
                0x200011b8                t_acc
 .bss.t_const   0x200011bc        0x4 ./Core/Src/main.o
                0x200011bc                t_const
 .bss.Peak      0x200011c0        0x4 ./Core/Src/main.o
                0x200011c0                Peak
 *fill*         0x200011c4        0x4 
 .bss.i         0x200011c8        0x8 ./Core/Src/main.o
                0x200011c8                i
 .bss.t         0x200011d0        0x4 ./Core/Src/main.o
                0x200011d0                t
 .bss.velocity  0x200011d4        0x4 ./Core/Src/main.o
                0x200011d4                velocity
 .bss.position  0x200011d8        0x4 ./Core/Src/main.o
                0x200011d8                position
 .bss.Mode      0x200011dc        0x2 ./Core/Src/main.o
                0x200011dc                Mode
 .bss.Home      0x200011de        0x2 ./Core/Src/main.o
                0x200011de                Home
 .bss.Vfeedback
                0x200011e0        0x4 ./Core/Src/main.o
                0x200011e0                Vfeedback
 .bss.VInM      0x200011e4        0x4 ./Core/Src/main.o
                0x200011e4                VInM
 .bss.PID       0x200011e8       0x24 ./Core/Src/main.o
                0x200011e8                PID
 .bss.BTempV    0x2000120c        0x4 ./Core/Src/main.o
                0x2000120c                BTempV
 .bss.pwmM      0x20001210        0x4 ./Core/Src/main.o
                0x20001210                pwmM
 .bss.rou       0x20001214        0x2 ./Core/Src/main.o
                0x20001214                rou
 .bss.L_State   0x20001216        0x1 ./Core/Src/main.o
                0x20001216                L_State
 .bss.fin       0x20001217        0x1 ./Core/Src/main.o
                0x20001217                fin
 .bss.QEIdata   0x20001218       0x30 ./Core/Src/main.o
                0x20001218                QEIdata
 .bss._micros   0x20001248        0x8 ./Core/Src/main.o
                0x20001248                _micros
 .bss.diffPosition
                0x20001250        0x8 ./Core/Src/main.o
                0x20001250                diffPosition
 .bss.diffTime  0x20001258        0x4 ./Core/Src/main.o
                0x20001258                diffTime
 .bss.diffVelocity
                0x2000125c        0x4 ./Core/Src/main.o
                0x2000125c                diffVelocity
 .bss.diffVelocitys
                0x20001260        0x4 ./Core/Src/main.o
                0x20001260                diffVelocitys
 *fill*         0x20001264        0x4 
 .bss.timestampqei.12
                0x20001268        0x8 ./Core/Src/main.o
 .bss.timestamp1.9
                0x20001270        0x2 ./Core/Src/main.o
 .bss.timestamp2.8
                0x20001272        0x2 ./Core/Src/main.o
 .bss.timestamp3.7
                0x20001274        0x2 ./Core/Src/main.o
 .bss.timestamp4.6
                0x20001276        0x2 ./Core/Src/main.o
 .bss.Timestamp.5
                0x20001278        0x8 ./Core/Src/main.o
 .bss.ledPayload.0
                0x20001280      0x108 ./Core/Src/subroutine.o
 .bss.uwTick    0x20001388        0x4 ./Drivers/STM32G4xx_HAL_Driver/Src/stm32g4xx_hal.o
                0x20001388                uwTick
 *(COMMON)
                0x2000138c                        . = ALIGN (0x4)
                0x2000138c                        _ebss = .
                0x2000138c                        __bss_end__ = _ebss

._user_heap_stack
                0x2000138c      0x604 load address 0x0800aa74
                0x20001390                        . = ALIGN (0x8)
 *fill*         0x2000138c        0x4 
                [!provide]                        PROVIDE (end = .)
                0x20001390                        PROVIDE (_end = .)
                0x20001590                        . = (. + _Min_Heap_Size)
 *fill*         0x20001390      0x200 
                0x20001990                        . = (. + _Min_Stack_Size)
 *fill*         0x20001590      0x400 
                0x20001990                        . = ALIGN (0x8)

/DISCARD/
 libc.a(*)
 libm.a(*)
 libgcc.a(*)

.ARM.attributes
                0x00000000       0x30
 *(.ARM.attributes)
 .ARM.attributes
                0x00000000       0x22 C:/ST/STM32CubeIDE_1.13.2/STM32CubeIDE/plugins/com.st.stm32cube.ide.mcu.externaltools.gnu-tools-for-stm32.12.3.rel1.win32_1.0.100.202403111256/tools/bin/../lib/gcc/arm-none-eabi/12.3.1/thumb/v7e-m+fp/hard/crti.o
 .ARM.attributes
                0x00000022       0x34 C:/ST/STM32CubeIDE_1.13.2/STM32CubeIDE/plugins/com.st.stm32cube.ide.mcu.externaltools.gnu-tools-for-stm32.12.3.rel1.win32_1.0.100.202403111256/tools/bin/../lib/gcc/arm-none-eabi/12.3.1/thumb/v7e-m+fp/hard/crtbegin.o
 .ARM.attributes
                0x00000056       0x34 ./Core/Src/ModBusRTU.o
 .ARM.attributes
                0x0000008a       0x34 ./Core/Src/main.o
 .ARM.attributes
                0x000000be       0x34 ./Core/Src/stm32g4xx_hal_msp.o
 .ARM.attributes
                0x000000f2       0x34 ./Core/Src/stm32g4xx_it.o
 .ARM.attributes
                0x00000126       0x34 ./Core/Src/subroutine.o
 .ARM.attributes
                0x0000015a       0x34 ./Core/Src/system_stm32g4xx.o
 .ARM.attributes
                0x0000018e       0x21 ./Core/Startup/startup_stm32g474retx.o
 .ARM.attributes
                0x000001af       0x34 ./Drivers/STM32G4xx_HAL_Driver/Src/stm32g4xx_hal.o
 .ARM.attributes
                0x000001e3       0x34 ./Drivers/STM32G4xx_HAL_Driver/Src/stm32g4xx_hal_cortex.o
 .ARM.attributes
                0x00000217       0x34 ./Drivers/STM32G4xx_HAL_Driver/Src/stm32g4xx_hal_dma.o
 .ARM.attributes
                0x0000024b       0x34 ./Drivers/STM32G4xx_HAL_Driver/Src/stm32g4xx_hal_gpio.o
 .ARM.attributes
                0x0000027f       0x34 ./Drivers/STM32G4xx_HAL_Driver/Src/stm32g4xx_hal_pwr_ex.o
 .ARM.attributes
                0x000002b3       0x34 ./Drivers/STM32G4xx_HAL_Driver/Src/stm32g4xx_hal_rcc.o
 .ARM.attributes
                0x000002e7       0x34 ./Drivers/STM32G4xx_HAL_Driver/Src/stm32g4xx_hal_rcc_ex.o
 .ARM.attributes
                0x0000031b       0x34 ./Drivers/STM32G4xx_HAL_Driver/Src/stm32g4xx_hal_tim.o
 .ARM.attributes
                0x0000034f       0x34 ./Drivers/STM32G4xx_HAL_Driver/Src/stm32g4xx_hal_tim_ex.o
 .ARM.attributes
                0x00000383       0x34 ./Drivers/STM32G4xx_HAL_Driver/Src/stm32g4xx_hal_uart.o
 .ARM.attributes
                0x000003b7       0x34 ./Drivers/STM32G4xx_HAL_Driver/Src/stm32g4xx_hal_uart_ex.o
 .ARM.attributes
                0x000003eb       0x34 ./Middlewares/Third_Party/ARM_CMSIS/Source/ControllerFunctions/ControllerFunctions.o
 .ARM.attributes
                0x0000041f       0x34 C:/ST/STM32CubeIDE_1.13.2/STM32CubeIDE/plugins/com.st.stm32cube.ide.mcu.externaltools.gnu-tools-for-stm32.12.3.rel1.win32_1.0.100.202403111256/tools/bin/../lib/gcc/arm-none-eabi/12.3.1/../../../../arm-none-eabi/lib/thumb/v7e-m+fp/hard\libc_nano.a(libc_a-memset.o)
 .ARM.attributes
                0x00000453       0x34 C:/ST/STM32CubeIDE_1.13.2/STM32CubeIDE/plugins/com.st.stm32cube.ide.mcu.externaltools.gnu-tools-for-stm32.12.3.rel1.win32_1.0.100.202403111256/tools/bin/../lib/gcc/arm-none-eabi/12.3.1/../../../../arm-none-eabi/lib/thumb/v7e-m+fp/hard\libc_nano.a(libc_a-init.o)
 .ARM.attributes
                0x00000487       0x34 C:/ST/STM32CubeIDE_1.13.2/STM32CubeIDE/plugins/com.st.stm32cube.ide.mcu.externaltools.gnu-tools-for-stm32.12.3.rel1.win32_1.0.100.202403111256/tools/bin/../lib/gcc/arm-none-eabi/12.3.1/../../../../arm-none-eabi/lib/thumb/v7e-m+fp/hard\libc_nano.a(libc_a-memcpy-stub.o)
 .ARM.attributes
                0x000004bb       0x22 C:/ST/STM32CubeIDE_1.13.2/STM32CubeIDE/plugins/com.st.stm32cube.ide.mcu.externaltools.gnu-tools-for-stm32.12.3.rel1.win32_1.0.100.202403111256/tools/bin/../lib/gcc/arm-none-eabi/12.3.1/thumb/v7e-m+fp/hard\libgcc.a(_arm_addsubdf3.o)
 .ARM.attributes
                0x000004dd       0x22 C:/ST/STM32CubeIDE_1.13.2/STM32CubeIDE/plugins/com.st.stm32cube.ide.mcu.externaltools.gnu-tools-for-stm32.12.3.rel1.win32_1.0.100.202403111256/tools/bin/../lib/gcc/arm-none-eabi/12.3.1/thumb/v7e-m+fp/hard\libgcc.a(_arm_muldivdf3.o)
 .ARM.attributes
                0x000004ff       0x22 C:/ST/STM32CubeIDE_1.13.2/STM32CubeIDE/plugins/com.st.stm32cube.ide.mcu.externaltools.gnu-tools-for-stm32.12.3.rel1.win32_1.0.100.202403111256/tools/bin/../lib/gcc/arm-none-eabi/12.3.1/thumb/v7e-m+fp/hard\libgcc.a(_arm_fixdfsi.o)
 .ARM.attributes
                0x00000521       0x22 C:/ST/STM32CubeIDE_1.13.2/STM32CubeIDE/plugins/com.st.stm32cube.ide.mcu.externaltools.gnu-tools-for-stm32.12.3.rel1.win32_1.0.100.202403111256/tools/bin/../lib/gcc/arm-none-eabi/12.3.1/thumb/v7e-m+fp/hard\libgcc.a(_arm_fixunsdfsi.o)
 .ARM.attributes
                0x00000543       0x22 C:/ST/STM32CubeIDE_1.13.2/STM32CubeIDE/plugins/com.st.stm32cube.ide.mcu.externaltools.gnu-tools-for-stm32.12.3.rel1.win32_1.0.100.202403111256/tools/bin/../lib/gcc/arm-none-eabi/12.3.1/thumb/v7e-m+fp/hard\libgcc.a(_arm_truncdfsf2.o)
 .ARM.attributes
                0x00000565       0x22 C:/ST/STM32CubeIDE_1.13.2/STM32CubeIDE/plugins/com.st.stm32cube.ide.mcu.externaltools.gnu-tools-for-stm32.12.3.rel1.win32_1.0.100.202403111256/tools/bin/../lib/gcc/arm-none-eabi/12.3.1/thumb/v7e-m+fp/hard\libgcc.a(_arm_addsubsf3.o)
 .ARM.attributes
                0x00000587       0x22 C:/ST/STM32CubeIDE_1.13.2/STM32CubeIDE/plugins/com.st.stm32cube.ide.mcu.externaltools.gnu-tools-for-stm32.12.3.rel1.win32_1.0.100.202403111256/tools/bin/../lib/gcc/arm-none-eabi/12.3.1/thumb/v7e-m+fp/hard\libgcc.a(_aeabi_uldivmod.o)
 .ARM.attributes
                0x000005a9       0x34 C:/ST/STM32CubeIDE_1.13.2/STM32CubeIDE/plugins/com.st.stm32cube.ide.mcu.externaltools.gnu-tools-for-stm32.12.3.rel1.win32_1.0.100.202403111256/tools/bin/../lib/gcc/arm-none-eabi/12.3.1/thumb/v7e-m+fp/hard\libgcc.a(_udivmoddi4.o)
 .ARM.attributes
                0x000005dd       0x22 C:/ST/STM32CubeIDE_1.13.2/STM32CubeIDE/plugins/com.st.stm32cube.ide.mcu.externaltools.gnu-tools-for-stm32.12.3.rel1.win32_1.0.100.202403111256/tools/bin/../lib/gcc/arm-none-eabi/12.3.1/thumb/v7e-m+fp/hard\libgcc.a(_dvmd_tls.o)
 .ARM.attributes
                0x000005ff       0x22 C:/ST/STM32CubeIDE_1.13.2/STM32CubeIDE/plugins/com.st.stm32cube.ide.mcu.externaltools.gnu-tools-for-stm32.12.3.rel1.win32_1.0.100.202403111256/tools/bin/../lib/gcc/arm-none-eabi/12.3.1/thumb/v7e-m+fp/hard/crtn.o
OUTPUT(MainController.elf elf32-littlearm)
LOAD linker stubs
LOAD C:/ST/STM32CubeIDE_1.13.2/STM32CubeIDE/plugins/com.st.stm32cube.ide.mcu.externaltools.gnu-tools-for-stm32.12.3.rel1.win32_1.0.100.202403111256/tools/bin/../lib/gcc/arm-none-eabi/12.3.1/../../../../arm-none-eabi/lib/thumb/v7e-m+fp/hard\libc.a
LOAD C:/ST/STM32CubeIDE_1.13.2/STM32CubeIDE/plugins/com.st.stm32cube.ide.mcu.externaltools.gnu-tools-for-stm32.12.3.rel1.win32_1.0.100.202403111256/tools/bin/../lib/gcc/arm-none-eabi/12.3.1/../../../../arm-none-eabi/lib/thumb/v7e-m+fp/hard\libm.a
LOAD C:/ST/STM32CubeIDE_1.13.2/STM32CubeIDE/plugins/com.st.stm32cube.ide.mcu.externaltools.gnu-tools-for-stm32.12.3.rel1.win32_1.0.100.202403111256/tools/bin/../lib/gcc/arm-none-eabi/12.3.1/thumb/v7e-m+fp/hard\libgcc.a

.debug_info     0x00000000    0x17d03
 .debug_info    0x00000000     0x1598 ./Core/Src/ModBusRTU.o
 .debug_info    0x00001598     0x2d0e ./Core/Src/main.o
 .debug_info    0x000042a6     0x1991 ./Core/Src/stm32g4xx_hal_msp.o
 .debug_info    0x00005c37     0x1030 ./Core/Src/stm32g4xx_it.o
 .debug_info    0x00006c67      0xd77 ./Core/Src/subroutine.o
 .debug_info    0x000079de      0x58e ./Core/Src/system_stm32g4xx.o
 .debug_info    0x00007f6c       0x30 ./Core/Startup/startup_stm32g474retx.o
 .debug_info    0x00007f9c      0xb95 ./Drivers/STM32G4xx_HAL_Driver/Src/stm32g4xx_hal.o
 .debug_info    0x00008b31      0xdad ./Drivers/STM32G4xx_HAL_Driver/Src/stm32g4xx_hal_cortex.o
 .debug_info    0x000098de      0x85f ./Drivers/STM32G4xx_HAL_Driver/Src/stm32g4xx_hal_dma.o
 .debug_info    0x0000a13d      0x763 ./Drivers/STM32G4xx_HAL_Driver/Src/stm32g4xx_hal_gpio.o
 .debug_info    0x0000a8a0      0x93f ./Drivers/STM32G4xx_HAL_Driver/Src/stm32g4xx_hal_pwr_ex.o
 .debug_info    0x0000b1df      0xbe0 ./Drivers/STM32G4xx_HAL_Driver/Src/stm32g4xx_hal_rcc.o
 .debug_info    0x0000bdbf      0xc45 ./Drivers/STM32G4xx_HAL_Driver/Src/stm32g4xx_hal_rcc_ex.o
 .debug_info    0x0000ca04     0x301a ./Drivers/STM32G4xx_HAL_Driver/Src/stm32g4xx_hal_tim.o
 .debug_info    0x0000fa1e     0x1f5e ./Drivers/STM32G4xx_HAL_Driver/Src/stm32g4xx_hal_tim_ex.o
 .debug_info    0x0001197c     0x4ad2 ./Drivers/STM32G4xx_HAL_Driver/Src/stm32g4xx_hal_uart.o
 .debug_info    0x0001644e     0x10c8 ./Drivers/STM32G4xx_HAL_Driver/Src/stm32g4xx_hal_uart_ex.o
 .debug_info    0x00017516      0x7ed ./Middlewares/Third_Party/ARM_CMSIS/Source/ControllerFunctions/ControllerFunctions.o

.debug_abbrev   0x00000000     0x2e93
 .debug_abbrev  0x00000000      0x365 ./Core/Src/ModBusRTU.o
 .debug_abbrev  0x00000365      0x4af ./Core/Src/main.o
 .debug_abbrev  0x00000814      0x29a ./Core/Src/stm32g4xx_hal_msp.o
 .debug_abbrev  0x00000aae      0x1f7 ./Core/Src/stm32g4xx_it.o
 .debug_abbrev  0x00000ca5      0x2ab ./Core/Src/subroutine.o
 .debug_abbrev  0x00000f50      0x11a ./Core/Src/system_stm32g4xx.o
 .debug_abbrev  0x0000106a       0x24 ./Core/Startup/startup_stm32g474retx.o
 .debug_abbrev  0x0000108e      0x271 ./Drivers/STM32G4xx_HAL_Driver/Src/stm32g4xx_hal.o
 .debug_abbrev  0x000012ff      0x31c ./Drivers/STM32G4xx_HAL_Driver/Src/stm32g4xx_hal_cortex.o
 .debug_abbrev  0x0000161b      0x1e2 ./Drivers/STM32G4xx_HAL_Driver/Src/stm32g4xx_hal_dma.o
 .debug_abbrev  0x000017fd      0x1cb ./Drivers/STM32G4xx_HAL_Driver/Src/stm32g4xx_hal_gpio.o
 .debug_abbrev  0x000019c8      0x22c ./Drivers/STM32G4xx_HAL_Driver/Src/stm32g4xx_hal_pwr_ex.o
 .debug_abbrev  0x00001bf4      0x2c9 ./Drivers/STM32G4xx_HAL_Driver/Src/stm32g4xx_hal_rcc.o
 .debug_abbrev  0x00001ebd      0x258 ./Drivers/STM32G4xx_HAL_Driver/Src/stm32g4xx_hal_rcc_ex.o
 .debug_abbrev  0x00002115      0x2b8 ./Drivers/STM32G4xx_HAL_Driver/Src/stm32g4xx_hal_tim.o
 .debug_abbrev  0x000023cd      0x2d6 ./Drivers/STM32G4xx_HAL_Driver/Src/stm32g4xx_hal_tim_ex.o
 .debug_abbrev  0x000026a3      0x317 ./Drivers/STM32G4xx_HAL_Driver/Src/stm32g4xx_hal_uart.o
 .debug_abbrev  0x000029ba      0x2d2 ./Drivers/STM32G4xx_HAL_Driver/Src/stm32g4xx_hal_uart_ex.o
 .debug_abbrev  0x00002c8c      0x207 ./Middlewares/Third_Party/ARM_CMSIS/Source/ControllerFunctions/ControllerFunctions.o

.debug_aranges  0x00000000     0x12b0
 .debug_aranges
                0x00000000       0x70 ./Core/Src/ModBusRTU.o
 .debug_aranges
                0x00000070      0x118 ./Core/Src/main.o
 .debug_aranges
                0x00000188       0x58 ./Core/Src/stm32g4xx_hal_msp.o
 .debug_aranges
                0x000001e0       0xc0 ./Core/Src/stm32g4xx_it.o
 .debug_aranges
                0x000002a0       0x48 ./Core/Src/subroutine.o
 .debug_aranges
                0x000002e8       0x28 ./Core/Src/system_stm32g4xx.o
 .debug_aranges
                0x00000310       0x28 ./Core/Startup/startup_stm32g474retx.o
 .debug_aranges
                0x00000338      0x148 ./Drivers/STM32G4xx_HAL_Driver/Src/stm32g4xx_hal.o
 .debug_aranges
                0x00000480      0x118 ./Drivers/STM32G4xx_HAL_Driver/Src/stm32g4xx_hal_cortex.o
 .debug_aranges
                0x00000598       0x90 ./Drivers/STM32G4xx_HAL_Driver/Src/stm32g4xx_hal_dma.o
 .debug_aranges
                0x00000628       0x58 ./Drivers/STM32G4xx_HAL_Driver/Src/stm32g4xx_hal_gpio.o
 .debug_aranges
                0x00000680      0x140 ./Drivers/STM32G4xx_HAL_Driver/Src/stm32g4xx_hal_pwr_ex.o
 .debug_aranges
                0x000007c0       0x98 ./Drivers/STM32G4xx_HAL_Driver/Src/stm32g4xx_hal_rcc.o
 .debug_aranges
                0x00000858       0xb0 ./Drivers/STM32G4xx_HAL_Driver/Src/stm32g4xx_hal_rcc_ex.o
 .debug_aranges
                0x00000908      0x3f8 ./Drivers/STM32G4xx_HAL_Driver/Src/stm32g4xx_hal_tim.o
 .debug_aranges
                0x00000d00      0x240 ./Drivers/STM32G4xx_HAL_Driver/Src/stm32g4xx_hal_tim_ex.o
 .debug_aranges
                0x00000f40      0x270 ./Drivers/STM32G4xx_HAL_Driver/Src/stm32g4xx_hal_uart.o
 .debug_aranges
                0x000011b0       0xa8 ./Drivers/STM32G4xx_HAL_Driver/Src/stm32g4xx_hal_uart_ex.o
 .debug_aranges
                0x00001258       0x58 ./Middlewares/Third_Party/ARM_CMSIS/Source/ControllerFunctions/ControllerFunctions.o

.debug_rnglists
                0x00000000      0xead
 .debug_rnglists
                0x00000000       0x54 ./Core/Src/ModBusRTU.o
 .debug_rnglists
                0x00000054       0xe2 ./Core/Src/main.o
 .debug_rnglists
                0x00000136       0x43 ./Core/Src/stm32g4xx_hal_msp.o
 .debug_rnglists
                0x00000179       0x8b ./Core/Src/stm32g4xx_it.o
 .debug_rnglists
                0x00000204       0x36 ./Core/Src/subroutine.o
 .debug_rnglists
                0x0000023a       0x1a ./Core/Src/system_stm32g4xx.o
 .debug_rnglists
                0x00000254       0x19 ./Core/Startup/startup_stm32g474retx.o
 .debug_rnglists
                0x0000026d       0xf1 ./Drivers/STM32G4xx_HAL_Driver/Src/stm32g4xx_hal.o
 .debug_rnglists
                0x0000035e       0xce ./Drivers/STM32G4xx_HAL_Driver/Src/stm32g4xx_hal_cortex.o
 .debug_rnglists
                0x0000042c       0x71 ./Drivers/STM32G4xx_HAL_Driver/Src/stm32g4xx_hal_dma.o
 .debug_rnglists
                0x0000049d       0x3f ./Drivers/STM32G4xx_HAL_Driver/Src/stm32g4xx_hal_gpio.o
 .debug_rnglists
                0x000004dc       0xf1 ./Drivers/STM32G4xx_HAL_Driver/Src/stm32g4xx_hal_pwr_ex.o
 .debug_rnglists
                0x000005cd       0x74 ./Drivers/STM32G4xx_HAL_Driver/Src/stm32g4xx_hal_rcc.o
 .debug_rnglists
                0x00000641       0x87 ./Drivers/STM32G4xx_HAL_Driver/Src/stm32g4xx_hal_rcc_ex.o
 .debug_rnglists
                0x000006c8      0x33d ./Drivers/STM32G4xx_HAL_Driver/Src/stm32g4xx_hal_tim.o
 .debug_rnglists
                0x00000a05      0x1cc ./Drivers/STM32G4xx_HAL_Driver/Src/stm32g4xx_hal_tim_ex.o
 .debug_rnglists
                0x00000bd1      0x21c ./Drivers/STM32G4xx_HAL_Driver/Src/stm32g4xx_hal_uart.o
 .debug_rnglists
                0x00000ded       0x7f ./Drivers/STM32G4xx_HAL_Driver/Src/stm32g4xx_hal_uart_ex.o
 .debug_rnglists
                0x00000e6c       0x41 ./Middlewares/Third_Party/ARM_CMSIS/Source/ControllerFunctions/ControllerFunctions.o

.debug_macro    0x00000000    0x27141
 .debug_macro   0x00000000      0x2b2 ./Core/Src/ModBusRTU.o
 .debug_macro   0x000002b2      0xab4 ./Core/Src/ModBusRTU.o
 .debug_macro   0x00000d66      0x15b ./Core/Src/ModBusRTU.o
 .debug_macro   0x00000ec1       0x2e ./Core/Src/ModBusRTU.o
 .debug_macro   0x00000eef       0x28 ./Core/Src/ModBusRTU.o
 .debug_macro   0x00000f17       0x22 ./Core/Src/ModBusRTU.o
 .debug_macro   0x00000f39       0x8e ./Core/Src/ModBusRTU.o
 .debug_macro   0x00000fc7       0x51 ./Core/Src/ModBusRTU.o
 .debug_macro   0x00001018      0x103 ./Core/Src/ModBusRTU.o
 .debug_macro   0x0000111b       0x6a ./Core/Src/ModBusRTU.o
 .debug_macro   0x00001185      0x1df ./Core/Src/ModBusRTU.o
 .debug_macro   0x00001364       0x1c ./Core/Src/ModBusRTU.o
 .debug_macro   0x00001380       0x22 ./Core/Src/ModBusRTU.o
 .debug_macro   0x000013a2       0xfb ./Core/Src/ModBusRTU.o
 .debug_macro   0x0000149d     0x1011 ./Core/Src/ModBusRTU.o
 .debug_macro   0x000024ae      0x11f ./Core/Src/ModBusRTU.o
 .debug_macro   0x000025cd    0x18b45 ./Core/Src/ModBusRTU.o
 .debug_macro   0x0001b112       0x6d ./Core/Src/ModBusRTU.o
 .debug_macro   0x0001b17f     0x354d ./Core/Src/ModBusRTU.o
 .debug_macro   0x0001e6cc      0x189 ./Core/Src/ModBusRTU.o
 .debug_macro   0x0001e855       0x5c ./Core/Src/ModBusRTU.o
 .debug_macro   0x0001e8b1     0x171f ./Core/Src/ModBusRTU.o
 .debug_macro   0x0001ffd0      0x600 ./Core/Src/ModBusRTU.o
 .debug_macro   0x000205d0      0x1b6 ./Core/Src/ModBusRTU.o
 .debug_macro   0x00020786      0x34a ./Core/Src/ModBusRTU.o
 .debug_macro   0x00020ad0      0x53c ./Core/Src/ModBusRTU.o
 .debug_macro   0x0002100c      0x18b ./Core/Src/ModBusRTU.o
 .debug_macro   0x00021197       0x43 ./Core/Src/ModBusRTU.o
 .debug_macro   0x000211da      0x23d ./Core/Src/ModBusRTU.o
 .debug_macro   0x00021417      0x211 ./Core/Src/ModBusRTU.o
 .debug_macro   0x00021628      0x45c ./Core/Src/ModBusRTU.o
 .debug_macro   0x00021a84      0x11c ./Core/Src/ModBusRTU.o
 .debug_macro   0x00021ba0      0x122 ./Core/Src/ModBusRTU.o
 .debug_macro   0x00021cc2      0x3d1 ./Core/Src/ModBusRTU.o
 .debug_macro   0x00022093      0xc0b ./Core/Src/ModBusRTU.o
 .debug_macro   0x00022c9e      0x718 ./Core/Src/ModBusRTU.o
 .debug_macro   0x000233b6      0x69a ./Core/Src/ModBusRTU.o
 .debug_macro   0x00023a50       0xa6 ./Core/Src/ModBusRTU.o
 .debug_macro   0x00023af6      0x358 ./Core/Src/ModBusRTU.o
 .debug_macro   0x00023e4e       0x61 ./Core/Src/ModBusRTU.o
 .debug_macro   0x00023eaf       0x2a ./Core/Src/ModBusRTU.o
 .debug_macro   0x00023ed9       0x43 ./Core/Src/ModBusRTU.o
 .debug_macro   0x00023f1c       0x34 ./Core/Src/ModBusRTU.o
 .debug_macro   0x00023f50       0x16 ./Core/Src/ModBusRTU.o
 .debug_macro   0x00023f66       0x43 ./Core/Src/ModBusRTU.o
 .debug_macro   0x00023fa9       0x34 ./Core/Src/ModBusRTU.o
 .debug_macro   0x00023fdd       0x10 ./Core/Src/ModBusRTU.o
 .debug_macro   0x00023fed       0x58 ./Core/Src/ModBusRTU.o
 .debug_macro   0x00024045       0x8e ./Core/Src/ModBusRTU.o
 .debug_macro   0x000240d3       0x1c ./Core/Src/ModBusRTU.o
 .debug_macro   0x000240ef      0x177 ./Core/Src/ModBusRTU.o
 .debug_macro   0x00024266      0x369 ./Core/Src/ModBusRTU.o
 .debug_macro   0x000245cf       0x10 ./Core/Src/ModBusRTU.o
 .debug_macro   0x000245df       0x35 ./Core/Src/ModBusRTU.o
 .debug_macro   0x00024614       0x20 ./Core/Src/ModBusRTU.o
 .debug_macro   0x00024634      0x449 ./Core/Src/main.o
 .debug_macro   0x00024a7d       0x3a ./Core/Src/main.o
 .debug_macro   0x00024ab7      0x19b ./Core/Src/main.o
 .debug_macro   0x00024c52      0x201 ./Core/Src/main.o
 .debug_macro   0x00024e53       0x7c ./Core/Src/main.o
 .debug_macro   0x00024ecf       0x17 ./Core/Src/main.o
 .debug_macro   0x00024ee6      0x118 ./Core/Src/main.o
 .debug_macro   0x00024ffe       0xb9 ./Core/Src/main.o
 .debug_macro   0x000250b7       0x42 ./Core/Src/main.o
 .debug_macro   0x000250f9       0x35 ./Core/Src/main.o
 .debug_macro   0x0002512e       0x22 ./Core/Src/main.o
 .debug_macro   0x00025150       0x28 ./Core/Src/main.o
 .debug_macro   0x00025178       0x16 ./Core/Src/main.o
 .debug_macro   0x0002518e       0x16 ./Core/Src/main.o
 .debug_macro   0x000251a4       0x10 ./Core/Src/main.o
 .debug_macro   0x000251b4      0x1dd ./Core/Src/stm32g4xx_hal_msp.o
 .debug_macro   0x00025391      0x1e7 ./Core/Src/stm32g4xx_it.o
 .debug_macro   0x00025578      0x2ab ./Core/Src/subroutine.o
 .debug_macro   0x00025823      0x1ce ./Core/Src/system_stm32g4xx.o
 .debug_macro   0x000259f1      0x21c ./Drivers/STM32G4xx_HAL_Driver/Src/stm32g4xx_hal.o
 .debug_macro   0x00025c0d      0x1ce ./Drivers/STM32G4xx_HAL_Driver/Src/stm32g4xx_hal_cortex.o
 .debug_macro   0x00025ddb      0x1ce ./Drivers/STM32G4xx_HAL_Driver/Src/stm32g4xx_hal_dma.o
 .debug_macro   0x00025fa9      0x1d5 ./Drivers/STM32G4xx_HAL_Driver/Src/stm32g4xx_hal_gpio.o
 .debug_macro   0x0002617e      0x1f8 ./Drivers/STM32G4xx_HAL_Driver/Src/stm32g4xx_hal_pwr_ex.o
 .debug_macro   0x00026376      0x210 ./Drivers/STM32G4xx_HAL_Driver/Src/stm32g4xx_hal_rcc.o
 .debug_macro   0x00026586      0x1f8 ./Drivers/STM32G4xx_HAL_Driver/Src/stm32g4xx_hal_rcc_ex.o
 .debug_macro   0x0002677e      0x1d6 ./Drivers/STM32G4xx_HAL_Driver/Src/stm32g4xx_hal_tim.o
 .debug_macro   0x00026954      0x1d4 ./Drivers/STM32G4xx_HAL_Driver/Src/stm32g4xx_hal_tim_ex.o
 .debug_macro   0x00026b28      0x1f9 ./Drivers/STM32G4xx_HAL_Driver/Src/stm32g4xx_hal_uart.o
 .debug_macro   0x00026d21      0x1da ./Drivers/STM32G4xx_HAL_Driver/Src/stm32g4xx_hal_uart_ex.o
 .debug_macro   0x00026efb      0x236 ./Middlewares/Third_Party/ARM_CMSIS/Source/ControllerFunctions/ControllerFunctions.o
 .debug_macro   0x00027131       0x10 ./Middlewares/Third_Party/ARM_CMSIS/Source/ControllerFunctions/ControllerFunctions.o

.debug_line     0x00000000    0x17575
 .debug_line    0x00000000      0xd58 ./Core/Src/ModBusRTU.o
 .debug_line    0x00000d58     0x2062 ./Core/Src/main.o
 .debug_line    0x00002dba      0xa46 ./Core/Src/stm32g4xx_hal_msp.o
 .debug_line    0x00003800      0x94e ./Core/Src/stm32g4xx_it.o
 .debug_line    0x0000414e      0xa81 ./Core/Src/subroutine.o
 .debug_line    0x00004bcf      0x7d6 ./Core/Src/system_stm32g4xx.o
 .debug_line    0x000053a5       0x7b ./Core/Startup/startup_stm32g474retx.o
 .debug_line    0x00005420      0xb92 ./Drivers/STM32G4xx_HAL_Driver/Src/stm32g4xx_hal.o
 .debug_line    0x00005fb2      0xcfb ./Drivers/STM32G4xx_HAL_Driver/Src/stm32g4xx_hal_cortex.o
 .debug_line    0x00006cad      0xebc ./Drivers/STM32G4xx_HAL_Driver/Src/stm32g4xx_hal_dma.o
 .debug_line    0x00007b69      0xbab ./Drivers/STM32G4xx_HAL_Driver/Src/stm32g4xx_hal_gpio.o
 .debug_line    0x00008714      0xd01 ./Drivers/STM32G4xx_HAL_Driver/Src/stm32g4xx_hal_pwr_ex.o
 .debug_line    0x00009415      0xf5d ./Drivers/STM32G4xx_HAL_Driver/Src/stm32g4xx_hal_rcc.o
 .debug_line    0x0000a372     0x126d ./Drivers/STM32G4xx_HAL_Driver/Src/stm32g4xx_hal_rcc_ex.o
 .debug_line    0x0000b5df     0x4433 ./Drivers/STM32G4xx_HAL_Driver/Src/stm32g4xx_hal_tim.o
 .debug_line    0x0000fa12     0x21b6 ./Drivers/STM32G4xx_HAL_Driver/Src/stm32g4xx_hal_tim_ex.o
 .debug_line    0x00011bc8     0x3e9d ./Drivers/STM32G4xx_HAL_Driver/Src/stm32g4xx_hal_uart.o
 .debug_line    0x00015a65      0xdc5 ./Drivers/STM32G4xx_HAL_Driver/Src/stm32g4xx_hal_uart_ex.o
 .debug_line    0x0001682a      0xd4b ./Middlewares/Third_Party/ARM_CMSIS/Source/ControllerFunctions/ControllerFunctions.o

.debug_str      0x00000000    0xfeb19
 .debug_str     0x00000000    0xf7027 ./Core/Src/ModBusRTU.o
                              0xf7680 (size before relaxing)
 .debug_str     0x000f7027     0x318e ./Core/Src/main.o
                              0xfa0e8 (size before relaxing)
 .debug_str     0x000fa1b5      0x305 ./Core/Src/stm32g4xx_hal_msp.o
                              0xf44bd (size before relaxing)
 .debug_str     0x000fa4ba      0x221 ./Core/Src/stm32g4xx_it.o
                              0xf3b7b (size before relaxing)
 .debug_str     0x000fa6db       0x9e ./Core/Src/subroutine.o
                              0xf689f (size before relaxing)
 .debug_str     0x000fa779       0xdb ./Core/Src/system_stm32g4xx.o
                              0xf2de8 (size before relaxing)
 .debug_str     0x000fa854       0x44 ./Core/Startup/startup_stm32g474retx.o
                                 0xdc (size before relaxing)
 .debug_str     0x000fa898      0x5d7 ./Drivers/STM32G4xx_HAL_Driver/Src/stm32g4xx_hal.o
                              0xf3afa (size before relaxing)
 .debug_str     0x000fae6f      0x313 ./Drivers/STM32G4xx_HAL_Driver/Src/stm32g4xx_hal_cortex.o
                              0xf377e (size before relaxing)
 .debug_str     0x000fb182      0x29f ./Drivers/STM32G4xx_HAL_Driver/Src/stm32g4xx_hal_dma.o
                              0xf31c2 (size before relaxing)
 .debug_str     0x000fb421       0xd0 ./Drivers/STM32G4xx_HAL_Driver/Src/stm32g4xx_hal_gpio.o
                              0xf2f73 (size before relaxing)
 .debug_str     0x000fb4f1      0x4a5 ./Drivers/STM32G4xx_HAL_Driver/Src/stm32g4xx_hal_pwr_ex.o
                              0xf32d6 (size before relaxing)
 .debug_str     0x000fb996      0x506 ./Drivers/STM32G4xx_HAL_Driver/Src/stm32g4xx_hal_rcc.o
                              0xf3507 (size before relaxing)
 .debug_str     0x000fbe9c      0x40b ./Drivers/STM32G4xx_HAL_Driver/Src/stm32g4xx_hal_rcc_ex.o
                              0xf3531 (size before relaxing)
 .debug_str     0x000fc2a7      0xd52 ./Drivers/STM32G4xx_HAL_Driver/Src/stm32g4xx_hal_tim.o
                              0xf4a49 (size before relaxing)
 .debug_str     0x000fcff9      0x76c ./Drivers/STM32G4xx_HAL_Driver/Src/stm32g4xx_hal_tim_ex.o
                              0xf421d (size before relaxing)
 .debug_str     0x000fd765      0x9b3 ./Drivers/STM32G4xx_HAL_Driver/Src/stm32g4xx_hal_uart.o
                              0xf4115 (size before relaxing)
 .debug_str     0x000fe118      0x264 ./Drivers/STM32G4xx_HAL_Driver/Src/stm32g4xx_hal_uart_ex.o
                              0xf36bc (size before relaxing)
 .debug_str     0x000fe37c      0x79d ./Middlewares/Third_Party/ARM_CMSIS/Source/ControllerFunctions/ControllerFunctions.o
                               0x9f37 (size before relaxing)

.comment        0x00000000       0x43
 .comment       0x00000000       0x43 ./Core/Src/ModBusRTU.o