../Core/Src/main.c:216:5:main	48	static
../Core/Src/main.c:397:6:SystemClock_Config	88	static
../Core/Src/main.c:444:13:MX_TIM1_Init	128	static
../Core/Src/main.c:538:13:MX_TIM2_Init	56	static
../Core/Src/main.c:587:13:MX_TIM3_Init	64	static
../Core/Src/main.c:646:13:MX_TIM4_Init	40	static
../Core/Src/main.c:691:13:MX_TIM5_Init	40	static
../Core/Src/main.c:736:13:MX_TIM7_Init	24	static
../Core/Src/main.c:774:13:MX_TIM16_Init	8	static
../Core/Src/main.c:806:13:MX_USART1_UART_Init	8	static
../Core/Src/main.c:854:13:MX_USART2_UART_Init	8	static
../Core/Src/main.c:900:13:MX_DMA_Init	24	static
../Core/Src/main.c:929:13:MX_GPIO_Init	48	static
../Core/Src/main.c:1003:6:ControlJoy	8	static
../Core/Src/main.c:1143:6:generate_trapezoidal_velocity_profile	24	static
../Core/Src/main.c:1175:6:generate_Velocity	32	static
../Core/Src/main.c:1263:7:PlantSimulation	40	static
../Core/Src/main.c:1281:6:BaseAction	152	static
../Core/Src/main.c:1821:6:OrderSeparate	16	static
../Core/Src/main.c:1855:6:serviceMotor	16	static
../Core/Src/main.c:1880:10:getEncoderValue	4	static
../Core/Src/main.c:1897:6:zeroEncoderValue	4	static
../Core/Src/main.c:1913:9:getZStop	4	static
../Core/Src/main.c:1918:6:HAL_GPIO_EXTI_Callback	16	static
../Core/Src/main.c:1937:6:HAL_TIM_PWM_PulseFinishedCallback	16	static
../Core/Src/main.c:1946:6:HAL_TIM_PeriodElapsedCallback	32	static
../Core/Src/main.c:1967:10:micros	12	static
../Core/Src/main.c:1972:7:QEIEncoderPosVel_Update	32	static
../Core/Src/main.c:2003:6:ACC_Update	8	static
../Core/Src/main.c:2033:6:set_position_box	4	static
../Core/Src/main.c:2075:6:Error_Handler	4	static,ignoring_inline_asm
