../Core/Src/main.c:217:5:main	48	static
../Core/Src/main.c:421:6:SystemClock_Config	88	static
../Core/Src/main.c:468:13:MX_TIM1_Init	128	static
../Core/Src/main.c:562:13:MX_TIM2_Init	56	static
../Core/Src/main.c:611:13:MX_TIM3_Init	64	static
../Core/Src/main.c:670:13:MX_TIM4_Init	40	static
../Core/Src/main.c:715:13:MX_TIM5_Init	40	static
../Core/Src/main.c:760:13:MX_TIM7_Init	24	static
../Core/Src/main.c:798:13:MX_TIM16_Init	8	static
../Core/Src/main.c:830:13:MX_USART1_UART_Init	8	static
../Core/Src/main.c:878:13:MX_USART2_UART_Init	8	static
../Core/Src/main.c:924:13:MX_DMA_Init	24	static
../Core/Src/main.c:953:13:MX_GPIO_Init	48	static
../Core/Src/main.c:1027:6:ControlJoy	8	static
../Core/Src/main.c:1167:6:generate_trapezoidal_velocity_profile	24	static
../Core/Src/main.c:1199:6:generate_Velocity	32	static
../Core/Src/main.c:1287:7:PlantSimulation	40	static
../Core/Src/main.c:1305:6:BaseAction	152	static
../Core/Src/main.c:1845:6:OrderSeparate	16	static
../Core/Src/main.c:1879:6:serviceMotor	16	static
../Core/Src/main.c:1904:10:getEncoderValue	4	static
../Core/Src/main.c:1921:6:zeroEncoderValue	4	static
../Core/Src/main.c:1937:9:getZStop	4	static
../Core/Src/main.c:1942:6:HAL_GPIO_EXTI_Callback	16	static
../Core/Src/main.c:1961:6:HAL_TIM_PWM_PulseFinishedCallback	16	static
../Core/Src/main.c:1970:6:HAL_TIM_PeriodElapsedCallback	32	static
../Core/Src/main.c:1991:10:micros	12	static
../Core/Src/main.c:1996:7:QEIEncoderPosVel_Update	32	static
../Core/Src/main.c:2027:6:ACC_Update	8	static
../Core/Src/main.c:2057:6:set_position_box	4	static
../Core/Src/main.c:2099:6:Error_Handler	4	static,ignoring_inline_asm
